  Determining projects to restore...
c:\Users\bilal\Desktop\Scala POS\ScalaPOS.csproj : warning NU1603: ScalaPOS depends on Swashbuckle.AspNetCore (>= 6.4.1) but Swashbuckle.AspNetCore 6.4.1 was not found. Swashbuckle.AspNetCore 6.5.0 was resolved instead.
  All projects are up-to-date for restore.
c:\Users\bilal\Desktop\Scala POS\ScalaPOS.csproj : warning NU1603: ScalaPOS depends on Swashbuckle.AspNetCore (>= 6.4.1) but Swashbuckle.AspNetCore 6.4.1 was not found. Swashbuckle.AspNetCore 6.5.0 was resolved instead.
c:\Users\bilal\Desktop\Scala POS\Services\AuditService.cs(24,33): warning CS8625: Cannot convert null literal to non-nullable reference type. [c:\Users\bilal\Desktop\Scala POS\ScalaPOS.csproj]
c:\Users\bilal\Desktop\Scala POS\Services\AuditService.cs(25,31): warning CS8625: Cannot convert null literal to non-nullable reference type. [c:\Users\bilal\Desktop\Scala POS\ScalaPOS.csproj]
c:\Users\bilal\Desktop\Scala POS\Services\AuditService.cs(26,34): warning CS8625: Cannot convert null literal to non-nullable reference type. [c:\Users\bilal\Desktop\Scala POS\ScalaPOS.csproj]
c:\Users\bilal\Desktop\Scala POS\Services\AuditService.cs(27,29): warning CS8625: Cannot convert null literal to non-nullable reference type. [c:\Users\bilal\Desktop\Scala POS\ScalaPOS.csproj]
c:\Users\bilal\Desktop\Scala POS\Services\AuditService.cs(28,31): warning CS8625: Cannot convert null literal to non-nullable reference type. [c:\Users\bilal\Desktop\Scala POS\ScalaPOS.csproj]
c:\Users\bilal\Desktop\Scala POS\Services\AuditService.cs(29,32): warning CS8625: Cannot convert null literal to non-nullable reference type. [c:\Users\bilal\Desktop\Scala POS\ScalaPOS.csproj]
c:\Users\bilal\Desktop\Scala POS\Services\AuditService.cs(30,31): warning CS8625: Cannot convert null literal to non-nullable reference type. [c:\Users\bilal\Desktop\Scala POS\ScalaPOS.csproj]
c:\Users\bilal\Desktop\Scala POS\Services\AuditService.cs(31,31): warning CS8625: Cannot convert null literal to non-nullable reference type. [c:\Users\bilal\Desktop\Scala POS\ScalaPOS.csproj]
c:\Users\bilal\Desktop\Scala POS\Services\AuditService.cs(55,102): warning CS8625: Cannot convert null literal to non-nullable reference type. [c:\Users\bilal\Desktop\Scala POS\ScalaPOS.csproj]
c:\Users\bilal\Desktop\Scala POS\Services\AuditService.cs(58,104): warning CS8625: Cannot convert null literal to non-nullable reference type. [c:\Users\bilal\Desktop\Scala POS\ScalaPOS.csproj]
c:\Users\bilal\Desktop\Scala POS\Services\AuditService.cs(67,89): warning CS8625: Cannot convert null literal to non-nullable reference type. [c:\Users\bilal\Desktop\Scala POS\ScalaPOS.csproj]
c:\Users\bilal\Desktop\Scala POS\Controllers\TablesController.cs(119,23): warning CS8618: Non-nullable property 'Status' must contain a non-null value when exiting constructor. Consider adding the 'required' modifier or declaring the property as nullable. [c:\Users\bilal\Desktop\Scala POS\ScalaPOS.csproj]
c:\Users\bilal\Desktop\Scala POS\Controllers\TablesController.cs(123,23): warning CS8618: Non-nullable property 'Notes' must contain a non-null value when exiting constructor. Consider adding the 'required' modifier or declaring the property as nullable. [c:\Users\bilal\Desktop\Scala POS\ScalaPOS.csproj]
c:\Users\bilal\Desktop\Scala POS\Services\AuditService.cs(40,28): warning CS8601: Possible null reference assignment. [c:\Users\bilal\Desktop\Scala POS\ScalaPOS.csproj]
c:\Users\bilal\Desktop\Scala POS\Services\AuditService.cs(68,57): warning CS8625: Cannot convert null literal to non-nullable reference type. [c:\Users\bilal\Desktop\Scala POS\ScalaPOS.csproj]
c:\Users\bilal\Desktop\Scala POS\Models\WhatsAppMessage.cs(10,23): warning CS8618: Non-nullable property 'MetaMessageId' must contain a non-null value when exiting constructor. Consider adding the 'required' modifier or declaring the property as nullable. [c:\Users\bilal\Desktop\Scala POS\ScalaPOS.csproj]
c:\Users\bilal\Desktop\Scala POS\Models\WhatsAppMessage.cs(13,23): warning CS8618: Non-nullable property 'CustomerPhone' must contain a non-null value when exiting constructor. Consider adding the 'required' modifier or declaring the property as nullable. [c:\Users\bilal\Desktop\Scala POS\ScalaPOS.csproj]
c:\Users\bilal\Desktop\Scala POS\Models\WhatsAppMessage.cs(16,23): warning CS8618: Non-nullable property 'CustomerName' must contain a non-null value when exiting constructor. Consider adding the 'required' modifier or declaring the property as nullable. [c:\Users\bilal\Desktop\Scala POS\ScalaPOS.csproj]
c:\Users\bilal\Desktop\Scala POS\Models\WhatsAppMessage.cs(19,23): warning CS8618: Non-nullable property 'Direction' must contain a non-null value when exiting constructor. Consider adding the 'required' modifier or declaring the property as nullable. [c:\Users\bilal\Desktop\Scala POS\ScalaPOS.csproj]
c:\Users\bilal\Desktop\Scala POS\Models\WhatsAppMessage.cs(21,23): warning CS8618: Non-nullable property 'Body' must contain a non-null value when exiting constructor. Consider adding the 'required' modifier or declaring the property as nullable. [c:\Users\bilal\Desktop\Scala POS\ScalaPOS.csproj]
c:\Users\bilal\Desktop\Scala POS\Models\WhatsAppMessage.cs(24,23): warning CS8618: Non-nullable property 'Status' must contain a non-null value when exiting constructor. Consider adding the 'required' modifier or declaring the property as nullable. [c:\Users\bilal\Desktop\Scala POS\ScalaPOS.csproj]
c:\Users\bilal\Desktop\Scala POS\Models\WhatsAppMessage.cs(29,23): warning CS8618: Non-nullable property 'MediaUrl' must contain a non-null value when exiting constructor. Consider adding the 'required' modifier or declaring the property as nullable. [c:\Users\bilal\Desktop\Scala POS\ScalaPOS.csproj]
c:\Users\bilal\Desktop\Scala POS\Endpoints\WhatsAppEndpoints.cs(212,23): warning CS8618: Non-nullable property 'Phone' must contain a non-null value when exiting constructor. Consider adding the 'required' modifier or declaring the property as nullable. [c:\Users\bilal\Desktop\Scala POS\ScalaPOS.csproj]
c:\Users\bilal\Desktop\Scala POS\Endpoints\WhatsAppEndpoints.cs(213,23): warning CS8618: Non-nullable property 'Name' must contain a non-null value when exiting constructor. Consider adding the 'required' modifier or declaring the property as nullable. [c:\Users\bilal\Desktop\Scala POS\ScalaPOS.csproj]
c:\Users\bilal\Desktop\Scala POS\Endpoints\WhatsAppEndpoints.cs(214,23): warning CS8618: Non-nullable property 'Message' must contain a non-null value when exiting constructor. Consider adding the 'required' modifier or declaring the property as nullable. [c:\Users\bilal\Desktop\Scala POS\ScalaPOS.csproj]
c:\Users\bilal\Desktop\Scala POS\Models\Ticket.cs(36,23): warning CS8618: Non-nullable property 'AuthorName' must contain a non-null value when exiting constructor. Consider adding the 'required' modifier or declaring the property as nullable. [c:\Users\bilal\Desktop\Scala POS\ScalaPOS.csproj]
c:\Users\bilal\Desktop\Scala POS\Models\Ticket.cs(37,23): warning CS8618: Non-nullable property 'AuthorId' must contain a non-null value when exiting constructor. Consider adding the 'required' modifier or declaring the property as nullable. [c:\Users\bilal\Desktop\Scala POS\ScalaPOS.csproj]
c:\Users\bilal\Desktop\Scala POS\Models\Ticket.cs(38,23): warning CS8618: Non-nullable property 'Body' must contain a non-null value when exiting constructor. Consider adding the 'required' modifier or declaring the property as nullable. [c:\Users\bilal\Desktop\Scala POS\ScalaPOS.csproj]
c:\Users\bilal\Desktop\Scala POS\Models\Ticket.cs(42,23): warning CS8618: Non-nullable property 'Ticket' must contain a non-null value when exiting constructor. Consider adding the 'required' modifier or declaring the property as nullable. [c:\Users\bilal\Desktop\Scala POS\ScalaPOS.csproj]
c:\Users\bilal\Desktop\Scala POS\Models\Ticket.cs(10,23): warning CS8618: Non-nullable property 'TicketNumber' must contain a non-null value when exiting constructor. Consider adding the 'required' modifier or declaring the property as nullable. [c:\Users\bilal\Desktop\Scala POS\ScalaPOS.csproj]
c:\Users\bilal\Desktop\Scala POS\Models\Ticket.cs(11,23): warning CS8618: Non-nullable property 'Title' must contain a non-null value when exiting constructor. Consider adding the 'required' modifier or declaring the property as nullable. [c:\Users\bilal\Desktop\Scala POS\ScalaPOS.csproj]
c:\Users\bilal\Desktop\Scala POS\Models\Ticket.cs(12,23): warning CS8618: Non-nullable property 'Description' must contain a non-null value when exiting constructor. Consider adding the 'required' modifier or declaring the property as nullable. [c:\Users\bilal\Desktop\Scala POS\ScalaPOS.csproj]
c:\Users\bilal\Desktop\Scala POS\Models\Ticket.cs(19,23): warning CS8618: Non-nullable property 'ReportedBy' must contain a non-null value when exiting constructor. Consider adding the 'required' modifier or declaring the property as nullable. [c:\Users\bilal\Desktop\Scala POS\ScalaPOS.csproj]
c:\Users\bilal\Desktop\Scala POS\Models\Ticket.cs(20,23): warning CS8618: Non-nullable property 'ReportedById' must contain a non-null value when exiting constructor. Consider adding the 'required' modifier or declaring the property as nullable. [c:\Users\bilal\Desktop\Scala POS\ScalaPOS.csproj]
c:\Users\bilal\Desktop\Scala POS\Models\Ticket.cs(21,23): warning CS8618: Non-nullable property 'AssignedTo' must contain a non-null value when exiting constructor. Consider adding the 'required' modifier or declaring the property as nullable. [c:\Users\bilal\Desktop\Scala POS\ScalaPOS.csproj]
c:\Users\bilal\Desktop\Scala POS\Models\Ticket.cs(22,23): warning CS8618: Non-nullable property 'AssignedToId' must contain a non-null value when exiting constructor. Consider adding the 'required' modifier or declaring the property as nullable. [c:\Users\bilal\Desktop\Scala POS\ScalaPOS.csproj]
c:\Users\bilal\Desktop\Scala POS\Models\Ticket.cs(25,23): warning CS8618: Non-nullable property 'Resolution' must contain a non-null value when exiting constructor. Consider adding the 'required' modifier or declaring the property as nullable. [c:\Users\bilal\Desktop\Scala POS\ScalaPOS.csproj]
c:\Users\bilal\Desktop\Scala POS\Models\SyncLog.cs(12,23): warning CS8618: Non-nullable property 'DeviceId' must contain a non-null value when exiting constructor. Consider adding the 'required' modifier or declaring the property as nullable. [c:\Users\bilal\Desktop\Scala POS\ScalaPOS.csproj]
c:\Users\bilal\Desktop\Scala POS\Models\SyncLog.cs(13,23): warning CS8618: Non-nullable property 'DeviceName' must contain a non-null value when exiting constructor. Consider adding the 'required' modifier or declaring the property as nullable. [c:\Users\bilal\Desktop\Scala POS\ScalaPOS.csproj]
c:\Users\bilal\Desktop\Scala POS\Models\SyncLog.cs(16,23): warning CS8618: Non-nullable property 'Operation' must contain a non-null value when exiting constructor. Consider adding the 'required' modifier or declaring the property as nullable. [c:\Users\bilal\Desktop\Scala POS\ScalaPOS.csproj]
c:\Users\bilal\Desktop\Scala POS\Models\SyncLog.cs(18,23): warning CS8618: Non-nullable property 'EntityType' must contain a non-null value when exiting constructor. Consider adding the 'required' modifier or declaring the property as nullable. [c:\Users\bilal\Desktop\Scala POS\ScalaPOS.csproj]
c:\Users\bilal\Desktop\Scala POS\Models\SyncLog.cs(19,23): warning CS8618: Non-nullable property 'EntityId' must contain a non-null value when exiting constructor. Consider adding the 'required' modifier or declaring the property as nullable. [c:\Users\bilal\Desktop\Scala POS\ScalaPOS.csproj]
c:\Users\bilal\Desktop\Scala POS\Models\SyncLog.cs(20,23): warning CS8618: Non-nullable property 'Payload' must contain a non-null value when exiting constructor. Consider adding the 'required' modifier or declaring the property as nullable. [c:\Users\bilal\Desktop\Scala POS\ScalaPOS.csproj]
c:\Users\bilal\Desktop\Scala POS\Models\SyncLog.cs(22,23): warning CS8618: Non-nullable property 'ConflictNote' must contain a non-null value when exiting constructor. Consider adding the 'required' modifier or declaring the property as nullable. [c:\Users\bilal\Desktop\Scala POS\ScalaPOS.csproj]
c:\Users\bilal\Desktop\Scala POS\Models\Supplier.cs(48,30): warning CS8618: Non-nullable property 'PurchaseOrder' must contain a non-null value when exiting constructor. Consider adding the 'required' modifier or declaring the property as nullable. [c:\Users\bilal\Desktop\Scala POS\ScalaPOS.csproj]
c:\Users\bilal\Desktop\Scala POS\Models\Supplier.cs(50,23): warning CS8618: Non-nullable property 'ItemName' must contain a non-null value when exiting constructor. Consider adding the 'required' modifier or declaring the property as nullable. [c:\Users\bilal\Desktop\Scala POS\ScalaPOS.csproj]
c:\Users\bilal\Desktop\Scala POS\Models\Supplier.cs(51,23): warning CS8618: Non-nullable property 'Unit' must contain a non-null value when exiting constructor. Consider adding the 'required' modifier or declaring the property as nullable. [c:\Users\bilal\Desktop\Scala POS\ScalaPOS.csproj]
c:\Users\bilal\Desktop\Scala POS\Models\Supplier.cs(26,23): warning CS8618: Non-nullable property 'PoNumber' must contain a non-null value when exiting constructor. Consider adding the 'required' modifier or declaring the property as nullable. [c:\Users\bilal\Desktop\Scala POS\ScalaPOS.csproj]
c:\Users\bilal\Desktop\Scala POS\Models\Supplier.cs(28,25): warning CS8618: Non-nullable property 'Supplier' must contain a non-null value when exiting constructor. Consider adding the 'required' modifier or declaring the property as nullable. [c:\Users\bilal\Desktop\Scala POS\ScalaPOS.csproj]
c:\Users\bilal\Desktop\Scala POS\Models\Supplier.cs(37,23): warning CS8618: Non-nullable property 'Notes' must contain a non-null value when exiting constructor. Consider adding the 'required' modifier or declaring the property as nullable. [c:\Users\bilal\Desktop\Scala POS\ScalaPOS.csproj]
c:\Users\bilal\Desktop\Scala POS\Models\Supplier.cs(9,23): warning CS8618: Non-nullable property 'Name' must contain a non-null value when exiting constructor. Consider adding the 'required' modifier or declaring the property as nullable. [c:\Users\bilal\Desktop\Scala POS\ScalaPOS.csproj]
c:\Users\bilal\Desktop\Scala POS\Models\Supplier.cs(10,23): warning CS8618: Non-nullable property 'ContactName' must contain a non-null value when exiting constructor. Consider adding the 'required' modifier or declaring the property as nullable. [c:\Users\bilal\Desktop\Scala POS\ScalaPOS.csproj]
c:\Users\bilal\Desktop\Scala POS\Models\Supplier.cs(11,23): warning CS8618: Non-nullable property 'Email' must contain a non-null value when exiting constructor. Consider adding the 'required' modifier or declaring the property as nullable. [c:\Users\bilal\Desktop\Scala POS\ScalaPOS.csproj]
c:\Users\bilal\Desktop\Scala POS\Models\Supplier.cs(12,23): warning CS8618: Non-nullable property 'Phone' must contain a non-null value when exiting constructor. Consider adding the 'required' modifier or declaring the property as nullable. [c:\Users\bilal\Desktop\Scala POS\ScalaPOS.csproj]
c:\Users\bilal\Desktop\Scala POS\Models\Supplier.cs(13,23): warning CS8618: Non-nullable property 'Address' must contain a non-null value when exiting constructor. Consider adding the 'required' modifier or declaring the property as nullable. [c:\Users\bilal\Desktop\Scala POS\ScalaPOS.csproj]
c:\Users\bilal\Desktop\Scala POS\Models\Supplier.cs(14,23): warning CS8618: Non-nullable property 'TaxNumber' must contain a non-null value when exiting constructor. Consider adding the 'required' modifier or declaring the property as nullable. [c:\Users\bilal\Desktop\Scala POS\ScalaPOS.csproj]
c:\Users\bilal\Desktop\Scala POS\Models\Supplier.cs(15,23): warning CS8618: Non-nullable property 'PaymentTerms' must contain a non-null value when exiting constructor. Consider adding the 'required' modifier or declaring the property as nullable. [c:\Users\bilal\Desktop\Scala POS\ScalaPOS.csproj]
c:\Users\bilal\Desktop\Scala POS\Models\Supplier.cs(16,23): warning CS8618: Non-nullable property 'Notes' must contain a non-null value when exiting constructor. Consider adding the 'required' modifier or declaring the property as nullable. [c:\Users\bilal\Desktop\Scala POS\ScalaPOS.csproj]
c:\Users\bilal\Desktop\Scala POS\Models\Staff.cs(8,23): warning CS8618: Non-nullable property 'FirstName' must contain a non-null value when exiting constructor. Consider adding the 'required' modifier or declaring the property as nullable. [c:\Users\bilal\Desktop\Scala POS\ScalaPOS.csproj]
c:\Users\bilal\Desktop\Scala POS\Models\Staff.cs(9,23): warning CS8618: Non-nullable property 'LastName' must contain a non-null value when exiting constructor. Consider adding the 'required' modifier or declaring the property as nullable. [c:\Users\bilal\Desktop\Scala POS\ScalaPOS.csproj]
c:\Users\bilal\Desktop\Scala POS\Models\Staff.cs(10,23): warning CS8618: Non-nullable property 'Email' must contain a non-null value when exiting constructor. Consider adding the 'required' modifier or declaring the property as nullable. [c:\Users\bilal\Desktop\Scala POS\ScalaPOS.csproj]
c:\Users\bilal\Desktop\Scala POS\Models\Staff.cs(11,23): warning CS8618: Non-nullable property 'Phone' must contain a non-null value when exiting constructor. Consider adding the 'required' modifier or declaring the property as nullable. [c:\Users\bilal\Desktop\Scala POS\ScalaPOS.csproj]
c:\Users\bilal\Desktop\Scala POS\Models\Staff.cs(12,23): warning CS8618: Non-nullable property 'Role' must contain a non-null value when exiting constructor. Consider adding the 'required' modifier or declaring the property as nullable. [c:\Users\bilal\Desktop\Scala POS\ScalaPOS.csproj]
c:\Users\bilal\Desktop\Scala POS\Models\Staff.cs(13,23): warning CS8618: Non-nullable property 'PINCode' must contain a non-null value when exiting constructor. Consider adding the 'required' modifier or declaring the property as nullable. [c:\Users\bilal\Desktop\Scala POS\ScalaPOS.csproj]
c:\Users\bilal\Desktop\Scala POS\Models\Staff.cs(15,23): warning CS8618: Non-nullable property 'EmployeeId' must contain a non-null value when exiting constructor. Consider adding the 'required' modifier or declaring the property as nullable. [c:\Users\bilal\Desktop\Scala POS\ScalaPOS.csproj]
c:\Users\bilal\Desktop\Scala POS\Models\Staff.cs(18,23): warning CS8618: Non-nullable property 'ProfileImage' must contain a non-null value when exiting constructor. Consider adding the 'required' modifier or declaring the property as nullable. [c:\Users\bilal\Desktop\Scala POS\ScalaPOS.csproj]
c:\Users\bilal\Desktop\Scala POS\Models\RestaurantTable.cs(8,23): warning CS8618: Non-nullable property 'Name' must contain a non-null value when exiting constructor. Consider adding the 'required' modifier or declaring the property as nullable. [c:\Users\bilal\Desktop\Scala POS\ScalaPOS.csproj]
c:\Users\bilal\Desktop\Scala POS\Models\RestaurantTable.cs(10,23): warning CS8618: Non-nullable property 'Shape' must contain a non-null value when exiting constructor. Consider adding the 'required' modifier or declaring the property as nullable. [c:\Users\bilal\Desktop\Scala POS\ScalaPOS.csproj]
c:\Users\bilal\Desktop\Scala POS\Models\RestaurantTable.cs(11,23): warning CS8618: Non-nullable property 'Section' must contain a non-null value when exiting constructor. Consider adding the 'required' modifier or declaring the property as nullable. [c:\Users\bilal\Desktop\Scala POS\ScalaPOS.csproj]
c:\Users\bilal\Desktop\Scala POS\Models\RestaurantTable.cs(12,23): warning CS8618: Non-nullable property 'Status' must contain a non-null value when exiting constructor. Consider adding the 'required' modifier or declaring the property as nullable. [c:\Users\bilal\Desktop\Scala POS\ScalaPOS.csproj]
c:\Users\bilal\Desktop\Scala POS\Models\RestaurantTable.cs(17,23): warning CS8618: Non-nullable property 'Notes' must contain a non-null value when exiting constructor. Consider adding the 'required' modifier or declaring the property as nullable. [c:\Users\bilal\Desktop\Scala POS\ScalaPOS.csproj]
c:\Users\bilal\Desktop\Scala POS\Models\Project.cs(32,24): warning CS8618: Non-nullable property 'Project' must contain a non-null value when exiting constructor. Consider adding the 'required' modifier or declaring the property as nullable. [c:\Users\bilal\Desktop\Scala POS\ScalaPOS.csproj]
c:\Users\bilal\Desktop\Scala POS\Models\Project.cs(33,23): warning CS8618: Non-nullable property 'Title' must contain a non-null value when exiting constructor. Consider adding the 'required' modifier or declaring the property as nullable. [c:\Users\bilal\Desktop\Scala POS\ScalaPOS.csproj]
c:\Users\bilal\Desktop\Scala POS\Models\Project.cs(34,23): warning CS8618: Non-nullable property 'Description' must contain a non-null value when exiting constructor. Consider adding the 'required' modifier or declaring the property as nullable. [c:\Users\bilal\Desktop\Scala POS\ScalaPOS.csproj]
c:\Users\bilal\Desktop\Scala POS\Models\Project.cs(39,23): warning CS8618: Non-nullable property 'AssignedToId' must contain a non-null value when exiting constructor. Consider adding the 'required' modifier or declaring the property as nullable. [c:\Users\bilal\Desktop\Scala POS\ScalaPOS.csproj]
c:\Users\bilal\Desktop\Scala POS\Models\Project.cs(40,23): warning CS8618: Non-nullable property 'AssignedToName' must contain a non-null value when exiting constructor. Consider adding the 'required' modifier or declaring the property as nullable. [c:\Users\bilal\Desktop\Scala POS\ScalaPOS.csproj]
c:\Users\bilal\Desktop\Scala POS\Models\Project.cs(9,23): warning CS8618: Non-nullable property 'Name' must contain a non-null value when exiting constructor. Consider adding the 'required' modifier or declaring the property as nullable. [c:\Users\bilal\Desktop\Scala POS\ScalaPOS.csproj]
c:\Users\bilal\Desktop\Scala POS\Models\Project.cs(10,23): warning CS8618: Non-nullable property 'Description' must contain a non-null value when exiting constructor. Consider adding the 'required' modifier or declaring the property as nullable. [c:\Users\bilal\Desktop\Scala POS\ScalaPOS.csproj]
c:\Users\bilal\Desktop\Scala POS\Models\Project.cs(15,23): warning CS8618: Non-nullable property 'ClientName' must contain a non-null value when exiting constructor. Consider adding the 'required' modifier or declaring the property as nullable. [c:\Users\bilal\Desktop\Scala POS\ScalaPOS.csproj]
c:\Users\bilal\Desktop\Scala POS\Models\Project.cs(16,23): warning CS8618: Non-nullable property 'ManagerId' must contain a non-null value when exiting constructor. Consider adding the 'required' modifier or declaring the property as nullable. [c:\Users\bilal\Desktop\Scala POS\ScalaPOS.csproj]
c:\Users\bilal\Desktop\Scala POS\Models\Project.cs(17,23): warning CS8618: Non-nullable property 'ManagerName' must contain a non-null value when exiting constructor. Consider adding the 'required' modifier or declaring the property as nullable. [c:\Users\bilal\Desktop\Scala POS\ScalaPOS.csproj]
c:\Users\bilal\Desktop\Scala POS\Models\JournalEntry.cs(26,23): warning CS8618: Non-nullable property 'Description' must contain a non-null value when exiting constructor. Consider adding the 'required' modifier or declaring the property as nullable. [c:\Users\bilal\Desktop\Scala POS\ScalaPOS.csproj]
c:\Users\bilal\Desktop\Scala POS\Models\JournalEntry.cs(30,29): warning CS8618: Non-nullable property 'JournalEntry' must contain a non-null value when exiting constructor. Consider adding the 'required' modifier or declaring the property as nullable. [c:\Users\bilal\Desktop\Scala POS\ScalaPOS.csproj]
c:\Users\bilal\Desktop\Scala POS\Models\JournalEntry.cs(31,24): warning CS8618: Non-nullable property 'Account' must contain a non-null value when exiting constructor. Consider adding the 'required' modifier or declaring the property as nullable. [c:\Users\bilal\Desktop\Scala POS\ScalaPOS.csproj]
c:\Users\bilal\Desktop\Scala POS\Program.cs(83,5): error CS1061: 'WebApplication' does not contain a definition for 'MapWaitlistEndpoints' and no accessible extension method 'MapWaitlistEndpoints' accepting a first argument of type 'WebApplication' could be found (are you missing a using directive or an assembly reference?) [c:\Users\bilal\Desktop\Scala POS\ScalaPOS.csproj]
c:\Users\bilal\Desktop\Scala POS\Models\JournalEntry.cs(10,23): warning CS8618: Non-nullable property 'Reference' must contain a non-null value when exiting constructor. Consider adding the 'required' modifier or declaring the property as nullable. [c:\Users\bilal\Desktop\Scala POS\ScalaPOS.csproj]
c:\Users\bilal\Desktop\Scala POS\Models\JournalEntry.cs(11,23): warning CS8618: Non-nullable property 'Description' must contain a non-null value when exiting constructor. Consider adding the 'required' modifier or declaring the property as nullable. [c:\Users\bilal\Desktop\Scala POS\ScalaPOS.csproj]
c:\Users\bilal\Desktop\Scala POS\Models\InventoryItem.cs(9,23): warning CS8618: Non-nullable property 'SKU' must contain a non-null value when exiting constructor. Consider adding the 'required' modifier or declaring the property as nullable. [c:\Users\bilal\Desktop\Scala POS\ScalaPOS.csproj]
c:\Users\bilal\Desktop\Scala POS\Models\InventoryItem.cs(14,23): warning CS8618: Non-nullable property 'Unit' must contain a non-null value when exiting constructor. Consider adding the 'required' modifier or declaring the property as nullable. [c:\Users\bilal\Desktop\Scala POS\ScalaPOS.csproj]
c:\Users\bilal\Desktop\Scala POS\Models\InventoryItem.cs(15,23): warning CS8618: Non-nullable property 'Location' must contain a non-null value when exiting constructor. Consider adding the 'required' modifier or declaring the property as nullable. [c:\Users\bilal\Desktop\Scala POS\ScalaPOS.csproj]
c:\Users\bilal\Desktop\Scala POS\Models\InventoryItem.cs(17,23): warning CS8618: Non-nullable property 'BatchNumber' must contain a non-null value when exiting constructor. Consider adding the 'required' modifier or declaring the property as nullable. [c:\Users\bilal\Desktop\Scala POS\ScalaPOS.csproj]
c:\Users\bilal\Desktop\Scala POS\Models\InventoryItem.cs(23,24): warning CS8618: Non-nullable property 'Product' must contain a non-null value when exiting constructor. Consider adding the 'required' modifier or declaring the property as nullable. [c:\Users\bilal\Desktop\Scala POS\ScalaPOS.csproj]
c:\Users\bilal\Desktop\Scala POS\Endpoints\AIEndpoints.cs(83,23): warning CS8618: Non-nullable property 'TicketTitle' must contain a non-null value when exiting constructor. Consider adding the 'required' modifier or declaring the property as nullable. [c:\Users\bilal\Desktop\Scala POS\ScalaPOS.csproj]
c:\Users\bilal\Desktop\Scala POS\Endpoints\AIEndpoints.cs(84,23): warning CS8618: Non-nullable property 'TicketDescription' must contain a non-null value when exiting constructor. Consider adding the 'required' modifier or declaring the property as nullable. [c:\Users\bilal\Desktop\Scala POS\ScalaPOS.csproj]
c:\Users\bilal\Desktop\Scala POS\Endpoints\AIEndpoints.cs(85,23): warning CS8618: Non-nullable property 'CustomerName' must contain a non-null value when exiting constructor. Consider adding the 'required' modifier or declaring the property as nullable. [c:\Users\bilal\Desktop\Scala POS\ScalaPOS.csproj]
c:\Users\bilal\Desktop\Scala POS\Endpoints\AIEndpoints.cs(90,23): warning CS8618: Non-nullable property 'Question' must contain a non-null value when exiting constructor. Consider adding the 'required' modifier or declaring the property as nullable. [c:\Users\bilal\Desktop\Scala POS\ScalaPOS.csproj]
c:\Users\bilal\Desktop\Scala POS\Models\Document.cs(8,23): warning CS8618: Non-nullable property 'FileName' must contain a non-null value when exiting constructor. Consider adding the 'required' modifier or declaring the property as nullable. [c:\Users\bilal\Desktop\Scala POS\ScalaPOS.csproj]
c:\Users\bilal\Desktop\Scala POS\Models\Document.cs(9,23): warning CS8618: Non-nullable property 'StoredName' must contain a non-null value when exiting constructor. Consider adding the 'required' modifier or declaring the property as nullable. [c:\Users\bilal\Desktop\Scala POS\ScalaPOS.csproj]
c:\Users\bilal\Desktop\Scala POS\Models\Document.cs(10,23): warning CS8618: Non-nullable property 'ContentType' must contain a non-null value when exiting constructor. Consider adding the 'required' modifier or declaring the property as nullable. [c:\Users\bilal\Desktop\Scala POS\ScalaPOS.csproj]
c:\Users\bilal\Desktop\Scala POS\Models\Document.cs(14,23): warning CS8618: Non-nullable property 'Description' must contain a non-null value when exiting constructor. Consider adding the 'required' modifier or declaring the property as nullable. [c:\Users\bilal\Desktop\Scala POS\ScalaPOS.csproj]
c:\Users\bilal\Desktop\Scala POS\Models\Document.cs(15,23): warning CS8618: Non-nullable property 'Tags' must contain a non-null value when exiting constructor. Consider adding the 'required' modifier or declaring the property as nullable. [c:\Users\bilal\Desktop\Scala POS\ScalaPOS.csproj]
c:\Users\bilal\Desktop\Scala POS\Models\Document.cs(16,23): warning CS8618: Non-nullable property 'UploadedById' must contain a non-null value when exiting constructor. Consider adding the 'required' modifier or declaring the property as nullable. [c:\Users\bilal\Desktop\Scala POS\ScalaPOS.csproj]
c:\Users\bilal\Desktop\Scala POS\Models\Document.cs(17,23): warning CS8618: Non-nullable property 'UploadedByName' must contain a non-null value when exiting constructor. Consider adding the 'required' modifier or declaring the property as nullable. [c:\Users\bilal\Desktop\Scala POS\ScalaPOS.csproj]
c:\Users\bilal\Desktop\Scala POS\Models\Customer.cs(9,23): warning CS8618: Non-nullable property 'FirstName' must contain a non-null value when exiting constructor. Consider adding the 'required' modifier or declaring the property as nullable. [c:\Users\bilal\Desktop\Scala POS\ScalaPOS.csproj]
c:\Users\bilal\Desktop\Scala POS\Models\Customer.cs(10,23): warning CS8618: Non-nullable property 'LastName' must contain a non-null value when exiting constructor. Consider adding the 'required' modifier or declaring the property as nullable. [c:\Users\bilal\Desktop\Scala POS\ScalaPOS.csproj]
c:\Users\bilal\Desktop\Scala POS\Models\Customer.cs(11,23): warning CS8618: Non-nullable property 'Email' must contain a non-null value when exiting constructor. Consider adding the 'required' modifier or declaring the property as nullable. [c:\Users\bilal\Desktop\Scala POS\ScalaPOS.csproj]
c:\Users\bilal\Desktop\Scala POS\Models\Customer.cs(12,23): warning CS8618: Non-nullable property 'Phone' must contain a non-null value when exiting constructor. Consider adding the 'required' modifier or declaring the property as nullable. [c:\Users\bilal\Desktop\Scala POS\ScalaPOS.csproj]
c:\Users\bilal\Desktop\Scala POS\Models\Customer.cs(13,23): warning CS8618: Non-nullable property 'Address' must contain a non-null value when exiting constructor. Consider adding the 'required' modifier or declaring the property as nullable. [c:\Users\bilal\Desktop\Scala POS\ScalaPOS.csproj]
c:\Users\bilal\Desktop\Scala POS\Models\Customer.cs(16,23): warning CS8618: Non-nullable property 'MembershipTier' must contain a non-null value when exiting constructor. Consider adding the 'required' modifier or declaring the property as nullable. [c:\Users\bilal\Desktop\Scala POS\ScalaPOS.csproj]
c:\Users\bilal\Desktop\Scala POS\Models\Customer.cs(26,35): warning CS8618: Non-nullable property 'Orders' must contain a non-null value when exiting constructor. Consider adding the 'required' modifier or declaring the property as nullable. [c:\Users\bilal\Desktop\Scala POS\ScalaPOS.csproj]
c:\Users\bilal\Desktop\Scala POS\Models\Category.cs(9,23): warning CS8618: Non-nullable property 'Name' must contain a non-null value when exiting constructor. Consider adding the 'required' modifier or declaring the property as nullable. [c:\Users\bilal\Desktop\Scala POS\ScalaPOS.csproj]
c:\Users\bilal\Desktop\Scala POS\Models\Category.cs(10,23): warning CS8618: Non-nullable property 'Description' must contain a non-null value when exiting constructor. Consider adding the 'required' modifier or declaring the property as nullable. [c:\Users\bilal\Desktop\Scala POS\ScalaPOS.csproj]
c:\Users\bilal\Desktop\Scala POS\Models\Category.cs(11,23): warning CS8618: Non-nullable property 'Icon' must contain a non-null value when exiting constructor. Consider adding the 'required' modifier or declaring the property as nullable. [c:\Users\bilal\Desktop\Scala POS\ScalaPOS.csproj]
c:\Users\bilal\Desktop\Scala POS\Models\Category.cs(12,23): warning CS8618: Non-nullable property 'Color' must contain a non-null value when exiting constructor. Consider adding the 'required' modifier or declaring the property as nullable. [c:\Users\bilal\Desktop\Scala POS\ScalaPOS.csproj]
c:\Users\bilal\Desktop\Scala POS\Models\Category.cs(20,37): warning CS8618: Non-nullable property 'Products' must contain a non-null value when exiting constructor. Consider adding the 'required' modifier or declaring the property as nullable. [c:\Users\bilal\Desktop\Scala POS\ScalaPOS.csproj]
c:\Users\bilal\Desktop\Scala POS\Models\AuditLog.cs(10,23): warning CS8618: Non-nullable property 'UserId' must contain a non-null value when exiting constructor. Consider adding the 'required' modifier or declaring the property as nullable. [c:\Users\bilal\Desktop\Scala POS\ScalaPOS.csproj]
c:\Users\bilal\Desktop\Scala POS\Models\AuditLog.cs(11,23): warning CS8618: Non-nullable property 'UserName' must contain a non-null value when exiting constructor. Consider adding the 'required' modifier or declaring the property as nullable. [c:\Users\bilal\Desktop\Scala POS\ScalaPOS.csproj]
c:\Users\bilal\Desktop\Scala POS\Models\AuditLog.cs(12,23): warning CS8618: Non-nullable property 'Action' must contain a non-null value when exiting constructor. Consider adding the 'required' modifier or declaring the property as nullable. [c:\Users\bilal\Desktop\Scala POS\ScalaPOS.csproj]
c:\Users\bilal\Desktop\Scala POS\Models\AuditLog.cs(13,23): warning CS8618: Non-nullable property 'EntityType' must contain a non-null value when exiting constructor. Consider adding the 'required' modifier or declaring the property as nullable. [c:\Users\bilal\Desktop\Scala POS\ScalaPOS.csproj]
c:\Users\bilal\Desktop\Scala POS\Models\AuditLog.cs(14,23): warning CS8618: Non-nullable property 'EntityId' must contain a non-null value when exiting constructor. Consider adding the 'required' modifier or declaring the property as nullable. [c:\Users\bilal\Desktop\Scala POS\ScalaPOS.csproj]
c:\Users\bilal\Desktop\Scala POS\Models\AuditLog.cs(15,23): warning CS8618: Non-nullable property 'Description' must contain a non-null value when exiting constructor. Consider adding the 'required' modifier or declaring the property as nullable. [c:\Users\bilal\Desktop\Scala POS\ScalaPOS.csproj]
c:\Users\bilal\Desktop\Scala POS\Models\AuditLog.cs(16,23): warning CS8618: Non-nullable property 'IPAddress' must contain a non-null value when exiting constructor. Consider adding the 'required' modifier or declaring the property as nullable. [c:\Users\bilal\Desktop\Scala POS\ScalaPOS.csproj]
c:\Users\bilal\Desktop\Scala POS\Models\AuditLog.cs(17,23): warning CS8618: Non-nullable property 'OldValue' must contain a non-null value when exiting constructor. Consider adding the 'required' modifier or declaring the property as nullable. [c:\Users\bilal\Desktop\Scala POS\ScalaPOS.csproj]
c:\Users\bilal\Desktop\Scala POS\Models\AuditLog.cs(18,23): warning CS8618: Non-nullable property 'NewValue' must contain a non-null value when exiting constructor. Consider adding the 'required' modifier or declaring the property as nullable. [c:\Users\bilal\Desktop\Scala POS\ScalaPOS.csproj]
c:\Users\bilal\Desktop\Scala POS\Models\AuditLog.cs(19,23): warning CS8618: Non-nullable property 'Result' must contain a non-null value when exiting constructor. Consider adding the 'required' modifier or declaring the property as nullable. [c:\Users\bilal\Desktop\Scala POS\ScalaPOS.csproj]
c:\Users\bilal\Desktop\Scala POS\Models\AuditLog.cs(20,23): warning CS8618: Non-nullable property 'Category' must contain a non-null value when exiting constructor. Consider adding the 'required' modifier or declaring the property as nullable. [c:\Users\bilal\Desktop\Scala POS\ScalaPOS.csproj]
c:\Users\bilal\Desktop\Scala POS\Models\Appointment.cs(8,23): warning CS8618: Non-nullable property 'Title' must contain a non-null value when exiting constructor. Consider adding the 'required' modifier or declaring the property as nullable. [c:\Users\bilal\Desktop\Scala POS\ScalaPOS.csproj]
c:\Users\bilal\Desktop\Scala POS\Models\Appointment.cs(9,23): warning CS8618: Non-nullable property 'CustomerName' must contain a non-null value when exiting constructor. Consider adding the 'required' modifier or declaring the property as nullable. [c:\Users\bilal\Desktop\Scala POS\ScalaPOS.csproj]
c:\Users\bilal\Desktop\Scala POS\Models\Appointment.cs(10,23): warning CS8618: Non-nullable property 'CustomerPhone' must contain a non-null value when exiting constructor. Consider adding the 'required' modifier or declaring the property as nullable. [c:\Users\bilal\Desktop\Scala POS\ScalaPOS.csproj]
c:\Users\bilal\Desktop\Scala POS\Models\Appointment.cs(11,23): warning CS8618: Non-nullable property 'CustomerEmail' must contain a non-null value when exiting constructor. Consider adding the 'required' modifier or declaring the property as nullable. [c:\Users\bilal\Desktop\Scala POS\ScalaPOS.csproj]
c:\Users\bilal\Desktop\Scala POS\Models\Appointment.cs(18,23): warning CS8618: Non-nullable property 'Notes' must contain a non-null value when exiting constructor. Consider adding the 'required' modifier or declaring the property as nullable. [c:\Users\bilal\Desktop\Scala POS\ScalaPOS.csproj]
c:\Users\bilal\Desktop\Scala POS\Models\Appointment.cs(25,32): warning CS8618: Non-nullable property 'Table' must contain a non-null value when exiting constructor. Consider adding the 'required' modifier or declaring the property as nullable. [c:\Users\bilal\Desktop\Scala POS\ScalaPOS.csproj]
c:\Users\bilal\Desktop\Scala POS\Models\Account.cs(9,23): warning CS8618: Non-nullable property 'Code' must contain a non-null value when exiting constructor. Consider adding the 'required' modifier or declaring the property as nullable. [c:\Users\bilal\Desktop\Scala POS\ScalaPOS.csproj]
c:\Users\bilal\Desktop\Scala POS\Models\Account.cs(10,23): warning CS8618: Non-nullable property 'Name' must contain a non-null value when exiting constructor. Consider adding the 'required' modifier or declaring the property as nullable. [c:\Users\bilal\Desktop\Scala POS\ScalaPOS.csproj]
c:\Users\bilal\Desktop\Scala POS\Models\Account.cs(11,23): warning CS8618: Non-nullable property 'AccountType' must contain a non-null value when exiting constructor. Consider adding the 'required' modifier or declaring the property as nullable. [c:\Users\bilal\Desktop\Scala POS\ScalaPOS.csproj]
c:\Users\bilal\Desktop\Scala POS\Models\Account.cs(12,23): warning CS8618: Non-nullable property 'SubType' must contain a non-null value when exiting constructor. Consider adding the 'required' modifier or declaring the property as nullable. [c:\Users\bilal\Desktop\Scala POS\ScalaPOS.csproj]
c:\Users\bilal\Desktop\Scala POS\Endpoints\AppointmentEndpoints.cs(55,37): warning CS8601: Possible null reference assignment. [c:\Users\bilal\Desktop\Scala POS\ScalaPOS.csproj]
c:\Users\bilal\Desktop\Scala POS\Endpoints\AppointmentEndpoints.cs(56,37): warning CS8601: Possible null reference assignment. [c:\Users\bilal\Desktop\Scala POS\ScalaPOS.csproj]
c:\Users\bilal\Desktop\Scala POS\Endpoints\AppointmentEndpoints.cs(63,29): warning CS8601: Possible null reference assignment. [c:\Users\bilal\Desktop\Scala POS\ScalaPOS.csproj]
c:\Users\bilal\Desktop\Scala POS\Endpoints\AppointmentEndpoints.cs(100,38): warning CS8601: Possible null reference assignment. [c:\Users\bilal\Desktop\Scala POS\ScalaPOS.csproj]
c:\Users\bilal\Desktop\Scala POS\Endpoints\AppointmentEndpoints.cs(101,38): warning CS8601: Possible null reference assignment. [c:\Users\bilal\Desktop\Scala POS\ScalaPOS.csproj]
c:\Users\bilal\Desktop\Scala POS\Endpoints\AppointmentEndpoints.cs(107,30): warning CS8601: Possible null reference assignment. [c:\Users\bilal\Desktop\Scala POS\ScalaPOS.csproj]
c:\Users\bilal\Desktop\Scala POS\Endpoints\WhatsAppEndpoints.cs(65,56): warning CS8601: Possible null reference assignment. [c:\Users\bilal\Desktop\Scala POS\ScalaPOS.csproj]
c:\Users\bilal\Desktop\Scala POS\Endpoints\WhatsAppEndpoints.cs(91,92): warning CS8604: Possible null reference argument for parameter 's' in 'long long.Parse(string s)'. [c:\Users\bilal\Desktop\Scala POS\ScalaPOS.csproj]
c:\Users\bilal\Desktop\Scala POS\Endpoints\WhatsAppEndpoints.cs(94,51): warning CS8600: Converting null literal or possible null value to non-nullable type. [c:\Users\bilal\Desktop\Scala POS\ScalaPOS.csproj]
c:\Users\bilal\Desktop\Scala POS\Endpoints\WhatsAppEndpoints.cs(98,48): warning CS8600: Converting null literal or possible null value to non-nullable type. [c:\Users\bilal\Desktop\Scala POS\ScalaPOS.csproj]
c:\Users\bilal\Desktop\Scala POS\Endpoints\WhatsAppEndpoints.cs(112,57): warning CS8601: Possible null reference assignment. [c:\Users\bilal\Desktop\Scala POS\ScalaPOS.csproj]
c:\Users\bilal\Desktop\Scala POS\Endpoints\WhatsAppEndpoints.cs(113,57): warning CS8601: Possible null reference assignment. [c:\Users\bilal\Desktop\Scala POS\ScalaPOS.csproj]
c:\Users\bilal\Desktop\Scala POS\Endpoints\WhatsAppEndpoints.cs(116,48): warning CS8601: Possible null reference assignment. [c:\Users\bilal\Desktop\Scala POS\ScalaPOS.csproj]
c:\Users\bilal\Desktop\Scala POS\Endpoints\WhatsAppEndpoints.cs(146,45): warning CS8602: Dereference of a possibly null reference. [c:\Users\bilal\Desktop\Scala POS\ScalaPOS.csproj]
c:\Users\bilal\Desktop\Scala POS\Features\PurchaseOrders\Queries\GetPurchaseOrders.cs(60,20): warning CS8603: Possible null reference return. [c:\Users\bilal\Desktop\Scala POS\ScalaPOS.csproj]
c:\Users\bilal\Desktop\Scala POS\Endpoints\SupplyChainEndpoints.cs(33,52): warning CS8601: Possible null reference assignment. [c:\Users\bilal\Desktop\Scala POS\ScalaPOS.csproj]
c:\Users\bilal\Desktop\Scala POS\Endpoints\SupplyChainEndpoints.cs(33,77): warning CS8601: Possible null reference assignment. [c:\Users\bilal\Desktop\Scala POS\ScalaPOS.csproj]
c:\Users\bilal\Desktop\Scala POS\Endpoints\SupplyChainEndpoints.cs(34,29): warning CS8601: Possible null reference assignment. [c:\Users\bilal\Desktop\Scala POS\ScalaPOS.csproj]
c:\Users\bilal\Desktop\Scala POS\Endpoints\SupplyChainEndpoints.cs(34,50): warning CS8601: Possible null reference assignment. [c:\Users\bilal\Desktop\Scala POS\ScalaPOS.csproj]
c:\Users\bilal\Desktop\Scala POS\Endpoints\SupplyChainEndpoints.cs(34,75): warning CS8601: Possible null reference assignment. [c:\Users\bilal\Desktop\Scala POS\ScalaPOS.csproj]
c:\Users\bilal\Desktop\Scala POS\Endpoints\SupplyChainEndpoints.cs(35,36): warning CS8601: Possible null reference assignment. [c:\Users\bilal\Desktop\Scala POS\ScalaPOS.csproj]
c:\Users\bilal\Desktop\Scala POS\Endpoints\SupplyChainEndpoints.cs(35,62): warning CS8601: Possible null reference assignment. [c:\Users\bilal\Desktop\Scala POS\ScalaPOS.csproj]
c:\Users\bilal\Desktop\Scala POS\Endpoints\SupplyChainEndpoints.cs(46,52): warning CS8601: Possible null reference assignment. [c:\Users\bilal\Desktop\Scala POS\ScalaPOS.csproj]
c:\Users\bilal\Desktop\Scala POS\Endpoints\SupplyChainEndpoints.cs(46,79): warning CS8601: Possible null reference assignment. [c:\Users\bilal\Desktop\Scala POS\ScalaPOS.csproj]
c:\Users\bilal\Desktop\Scala POS\Endpoints\SupplyChainEndpoints.cs(47,27): warning CS8601: Possible null reference assignment. [c:\Users\bilal\Desktop\Scala POS\ScalaPOS.csproj]
c:\Users\bilal\Desktop\Scala POS\Endpoints\SupplyChainEndpoints.cs(47,50): warning CS8601: Possible null reference assignment. [c:\Users\bilal\Desktop\Scala POS\ScalaPOS.csproj]
c:\Users\bilal\Desktop\Scala POS\Endpoints\SupplyChainEndpoints.cs(47,77): warning CS8601: Possible null reference assignment. [c:\Users\bilal\Desktop\Scala POS\ScalaPOS.csproj]
c:\Users\bilal\Desktop\Scala POS\Endpoints\SupplyChainEndpoints.cs(48,34): warning CS8601: Possible null reference assignment. [c:\Users\bilal\Desktop\Scala POS\ScalaPOS.csproj]
c:\Users\bilal\Desktop\Scala POS\Endpoints\SupplyChainEndpoints.cs(48,62): warning CS8601: Possible null reference assignment. [c:\Users\bilal\Desktop\Scala POS\ScalaPOS.csproj]
c:\Users\bilal\Desktop\Scala POS\Features\Accounting\Commands\CreateJournalEntry.cs(16,23): warning CS8618: Non-nullable property 'AccountCode' must contain a non-null value when exiting constructor. Consider adding the 'required' modifier or declaring the property as nullable. [c:\Users\bilal\Desktop\Scala POS\ScalaPOS.csproj]
c:\Users\bilal\Desktop\Scala POS\Features\Accounting\Commands\CreateJournalEntry.cs(17,23): warning CS8618: Non-nullable property 'Description' must contain a non-null value when exiting constructor. Consider adding the 'required' modifier or declaring the property as nullable. [c:\Users\bilal\Desktop\Scala POS\ScalaPOS.csproj]
c:\Users\bilal\Desktop\Scala POS\Endpoints\DocumentEndpoints.cs(60,35): warning CS8601: Possible null reference assignment. [c:\Users\bilal\Desktop\Scala POS\ScalaPOS.csproj]
c:\Users\bilal\Desktop\Scala POS\Endpoints\DocumentEndpoints.cs(61,28): warning CS8601: Possible null reference assignment. [c:\Users\bilal\Desktop\Scala POS\ScalaPOS.csproj]
c:\Users\bilal\Desktop\Scala POS\Endpoints\DocumentEndpoints.cs(62,38): warning CS8601: Possible null reference assignment. [c:\Users\bilal\Desktop\Scala POS\ScalaPOS.csproj]
c:\Users\bilal\Desktop\Scala POS\Endpoints\DocumentEndpoints.cs(63,36): warning CS8601: Possible null reference assignment. [c:\Users\bilal\Desktop\Scala POS\ScalaPOS.csproj]
c:\Users\bilal\Desktop\Scala POS\Endpoints\ProjectEndpoints.cs(35,52): warning CS8601: Possible null reference assignment. [c:\Users\bilal\Desktop\Scala POS\ScalaPOS.csproj]
c:\Users\bilal\Desktop\Scala POS\Endpoints\ProjectEndpoints.cs(36,71): warning CS8601: Possible null reference assignment. [c:\Users\bilal\Desktop\Scala POS\ScalaPOS.csproj]
c:\Users\bilal\Desktop\Scala POS\Endpoints\ProjectEndpoints.cs(37,35): warning CS8601: Possible null reference assignment. [c:\Users\bilal\Desktop\Scala POS\ScalaPOS.csproj]
c:\Users\bilal\Desktop\Scala POS\Endpoints\ProjectEndpoints.cs(73,77): warning CS8601: Possible null reference assignment. [c:\Users\bilal\Desktop\Scala POS\ScalaPOS.csproj]
c:\Users\bilal\Desktop\Scala POS\Endpoints\ProjectEndpoints.cs(74,75): warning CS8601: Possible null reference assignment. [c:\Users\bilal\Desktop\Scala POS\ScalaPOS.csproj]
c:\Users\bilal\Desktop\Scala POS\Endpoints\KitchenEndpoints.cs(25,39): warning CS8602: Dereference of a possibly null reference. [c:\Users\bilal\Desktop\Scala POS\ScalaPOS.csproj]
c:\Users\bilal\Desktop\Scala POS\Endpoints\KitchenEndpoints.cs(42,39): warning CS8602: Dereference of a possibly null reference. [c:\Users\bilal\Desktop\Scala POS\ScalaPOS.csproj]
c:\Users\bilal\Desktop\Scala POS\Endpoints\HelpdeskEndpoints.cs(47,35): warning CS8601: Possible null reference assignment. [c:\Users\bilal\Desktop\Scala POS\ScalaPOS.csproj]
c:\Users\bilal\Desktop\Scala POS\Endpoints\HelpdeskEndpoints.cs(50,34): warning CS8601: Possible null reference assignment. [c:\Users\bilal\Desktop\Scala POS\ScalaPOS.csproj]
c:\Users\bilal\Desktop\Scala POS\Endpoints\HelpdeskEndpoints.cs(51,36): warning CS8601: Possible null reference assignment. [c:\Users\bilal\Desktop\Scala POS\ScalaPOS.csproj]
c:\Users\bilal\Desktop\Scala POS\Endpoints\HelpdeskEndpoints.cs(52,34): warning CS8601: Possible null reference assignment. [c:\Users\bilal\Desktop\Scala POS\ScalaPOS.csproj]
c:\Users\bilal\Desktop\Scala POS\Endpoints\HelpdeskEndpoints.cs(53,36): warning CS8601: Possible null reference assignment. [c:\Users\bilal\Desktop\Scala POS\ScalaPOS.csproj]
c:\Users\bilal\Desktop\Scala POS\Endpoints\HelpdeskEndpoints.cs(75,41): warning CS8601: Possible null reference assignment. [c:\Users\bilal\Desktop\Scala POS\ScalaPOS.csproj]
c:\Users\bilal\Desktop\Scala POS\Endpoints\HelpdeskEndpoints.cs(80,43): warning CS8601: Possible null reference assignment. [c:\Users\bilal\Desktop\Scala POS\ScalaPOS.csproj]
c:\Users\bilal\Desktop\Scala POS\Endpoints\HelpdeskEndpoints.cs(96,34): warning CS8601: Possible null reference assignment. [c:\Users\bilal\Desktop\Scala POS\ScalaPOS.csproj]
c:\Users\bilal\Desktop\Scala POS\Endpoints\HelpdeskEndpoints.cs(97,32): warning CS8601: Possible null reference assignment. [c:\Users\bilal\Desktop\Scala POS\ScalaPOS.csproj]
c:\Users\bilal\Desktop\Scala POS\Features\Orders\Commands\CreateOrder.cs(130,35): warning CS8602: Dereference of a possibly null reference. [c:\Users\bilal\Desktop\Scala POS\ScalaPOS.csproj]

Build FAILED.

c:\Users\bilal\Desktop\Scala POS\ScalaPOS.csproj : warning NU1603: ScalaPOS depends on Swashbuckle.AspNetCore (>= 6.4.1) but Swashbuckle.AspNetCore 6.4.1 was not found. Swashbuckle.AspNetCore 6.5.0 was resolved instead.
c:\Users\bilal\Desktop\Scala POS\ScalaPOS.csproj : warning NU1603: ScalaPOS depends on Swashbuckle.AspNetCore (>= 6.4.1) but Swashbuckle.AspNetCore 6.4.1 was not found. Swashbuckle.AspNetCore 6.5.0 was resolved instead.
c:\Users\bilal\Desktop\Scala POS\Services\AuditService.cs(24,33): warning CS8625: Cannot convert null literal to non-nullable reference type. [c:\Users\bilal\Desktop\Scala POS\ScalaPOS.csproj]
c:\Users\bilal\Desktop\Scala POS\Services\AuditService.cs(25,31): warning CS8625: Cannot convert null literal to non-nullable reference type. [c:\Users\bilal\Desktop\Scala POS\ScalaPOS.csproj]
c:\Users\bilal\Desktop\Scala POS\Services\AuditService.cs(26,34): warning CS8625: Cannot convert null literal to non-nullable reference type. [c:\Users\bilal\Desktop\Scala POS\ScalaPOS.csproj]
c:\Users\bilal\Desktop\Scala POS\Services\AuditService.cs(27,29): warning CS8625: Cannot convert null literal to non-nullable reference type. [c:\Users\bilal\Desktop\Scala POS\ScalaPOS.csproj]
c:\Users\bilal\Desktop\Scala POS\Services\AuditService.cs(28,31): warning CS8625: Cannot convert null literal to non-nullable reference type. [c:\Users\bilal\Desktop\Scala POS\ScalaPOS.csproj]
c:\Users\bilal\Desktop\Scala POS\Services\AuditService.cs(29,32): warning CS8625: Cannot convert null literal to non-nullable reference type. [c:\Users\bilal\Desktop\Scala POS\ScalaPOS.csproj]
c:\Users\bilal\Desktop\Scala POS\Services\AuditService.cs(30,31): warning CS8625: Cannot convert null literal to non-nullable reference type. [c:\Users\bilal\Desktop\Scala POS\ScalaPOS.csproj]
c:\Users\bilal\Desktop\Scala POS\Services\AuditService.cs(31,31): warning CS8625: Cannot convert null literal to non-nullable reference type. [c:\Users\bilal\Desktop\Scala POS\ScalaPOS.csproj]
c:\Users\bilal\Desktop\Scala POS\Services\AuditService.cs(55,102): warning CS8625: Cannot convert null literal to non-nullable reference type. [c:\Users\bilal\Desktop\Scala POS\ScalaPOS.csproj]
c:\Users\bilal\Desktop\Scala POS\Services\AuditService.cs(58,104): warning CS8625: Cannot convert null literal to non-nullable reference type. [c:\Users\bilal\Desktop\Scala POS\ScalaPOS.csproj]
c:\Users\bilal\Desktop\Scala POS\Services\AuditService.cs(67,89): warning CS8625: Cannot convert null literal to non-nullable reference type. [c:\Users\bilal\Desktop\Scala POS\ScalaPOS.csproj]
c:\Users\bilal\Desktop\Scala POS\Controllers\TablesController.cs(119,23): warning CS8618: Non-nullable property 'Status' must contain a non-null value when exiting constructor. Consider adding the 'required' modifier or declaring the property as nullable. [c:\Users\bilal\Desktop\Scala POS\ScalaPOS.csproj]
c:\Users\bilal\Desktop\Scala POS\Controllers\TablesController.cs(123,23): warning CS8618: Non-nullable property 'Notes' must contain a non-null value when exiting constructor. Consider adding the 'required' modifier or declaring the property as nullable. [c:\Users\bilal\Desktop\Scala POS\ScalaPOS.csproj]
c:\Users\bilal\Desktop\Scala POS\Services\AuditService.cs(40,28): warning CS8601: Possible null reference assignment. [c:\Users\bilal\Desktop\Scala POS\ScalaPOS.csproj]
c:\Users\bilal\Desktop\Scala POS\Services\AuditService.cs(68,57): warning CS8625: Cannot convert null literal to non-nullable reference type. [c:\Users\bilal\Desktop\Scala POS\ScalaPOS.csproj]
c:\Users\bilal\Desktop\Scala POS\Models\WhatsAppMessage.cs(10,23): warning CS8618: Non-nullable property 'MetaMessageId' must contain a non-null value when exiting constructor. Consider adding the 'required' modifier or declaring the property as nullable. [c:\Users\bilal\Desktop\Scala POS\ScalaPOS.csproj]
c:\Users\bilal\Desktop\Scala POS\Models\WhatsAppMessage.cs(13,23): warning CS8618: Non-nullable property 'CustomerPhone' must contain a non-null value when exiting constructor. Consider adding the 'required' modifier or declaring the property as nullable. [c:\Users\bilal\Desktop\Scala POS\ScalaPOS.csproj]
c:\Users\bilal\Desktop\Scala POS\Models\WhatsAppMessage.cs(16,23): warning CS8618: Non-nullable property 'CustomerName' must contain a non-null value when exiting constructor. Consider adding the 'required' modifier or declaring the property as nullable. [c:\Users\bilal\Desktop\Scala POS\ScalaPOS.csproj]
c:\Users\bilal\Desktop\Scala POS\Models\WhatsAppMessage.cs(19,23): warning CS8618: Non-nullable property 'Direction' must contain a non-null value when exiting constructor. Consider adding the 'required' modifier or declaring the property as nullable. [c:\Users\bilal\Desktop\Scala POS\ScalaPOS.csproj]
c:\Users\bilal\Desktop\Scala POS\Models\WhatsAppMessage.cs(21,23): warning CS8618: Non-nullable property 'Body' must contain a non-null value when exiting constructor. Consider adding the 'required' modifier or declaring the property as nullable. [c:\Users\bilal\Desktop\Scala POS\ScalaPOS.csproj]
c:\Users\bilal\Desktop\Scala POS\Models\WhatsAppMessage.cs(24,23): warning CS8618: Non-nullable property 'Status' must contain a non-null value when exiting constructor. Consider adding the 'required' modifier or declaring the property as nullable. [c:\Users\bilal\Desktop\Scala POS\ScalaPOS.csproj]
c:\Users\bilal\Desktop\Scala POS\Models\WhatsAppMessage.cs(29,23): warning CS8618: Non-nullable property 'MediaUrl' must contain a non-null value when exiting constructor. Consider adding the 'required' modifier or declaring the property as nullable. [c:\Users\bilal\Desktop\Scala POS\ScalaPOS.csproj]
c:\Users\bilal\Desktop\Scala POS\Endpoints\WhatsAppEndpoints.cs(212,23): warning CS8618: Non-nullable property 'Phone' must contain a non-null value when exiting constructor. Consider adding the 'required' modifier or declaring the property as nullable. [c:\Users\bilal\Desktop\Scala POS\ScalaPOS.csproj]
c:\Users\bilal\Desktop\Scala POS\Endpoints\WhatsAppEndpoints.cs(213,23): warning CS8618: Non-nullable property 'Name' must contain a non-null value when exiting constructor. Consider adding the 'required' modifier or declaring the property as nullable. [c:\Users\bilal\Desktop\Scala POS\ScalaPOS.csproj]
c:\Users\bilal\Desktop\Scala POS\Endpoints\WhatsAppEndpoints.cs(214,23): warning CS8618: Non-nullable property 'Message' must contain a non-null value when exiting constructor. Consider adding the 'required' modifier or declaring the property as nullable. [c:\Users\bilal\Desktop\Scala POS\ScalaPOS.csproj]
c:\Users\bilal\Desktop\Scala POS\Models\Ticket.cs(36,23): warning CS8618: Non-nullable property 'AuthorName' must contain a non-null value when exiting constructor. Consider adding the 'required' modifier or declaring the property as nullable. [c:\Users\bilal\Desktop\Scala POS\ScalaPOS.csproj]
c:\Users\bilal\Desktop\Scala POS\Models\Ticket.cs(37,23): warning CS8618: Non-nullable property 'AuthorId' must contain a non-null value when exiting constructor. Consider adding the 'required' modifier or declaring the property as nullable. [c:\Users\bilal\Desktop\Scala POS\ScalaPOS.csproj]
c:\Users\bilal\Desktop\Scala POS\Models\Ticket.cs(38,23): warning CS8618: Non-nullable property 'Body' must contain a non-null value when exiting constructor. Consider adding the 'required' modifier or declaring the property as nullable. [c:\Users\bilal\Desktop\Scala POS\ScalaPOS.csproj]
c:\Users\bilal\Desktop\Scala POS\Models\Ticket.cs(42,23): warning CS8618: Non-nullable property 'Ticket' must contain a non-null value when exiting constructor. Consider adding the 'required' modifier or declaring the property as nullable. [c:\Users\bilal\Desktop\Scala POS\ScalaPOS.csproj]
c:\Users\bilal\Desktop\Scala POS\Models\Ticket.cs(10,23): warning CS8618: Non-nullable property 'TicketNumber' must contain a non-null value when exiting constructor. Consider adding the 'required' modifier or declaring the property as nullable. [c:\Users\bilal\Desktop\Scala POS\ScalaPOS.csproj]
c:\Users\bilal\Desktop\Scala POS\Models\Ticket.cs(11,23): warning CS8618: Non-nullable property 'Title' must contain a non-null value when exiting constructor. Consider adding the 'required' modifier or declaring the property as nullable. [c:\Users\bilal\Desktop\Scala POS\ScalaPOS.csproj]
c:\Users\bilal\Desktop\Scala POS\Models\Ticket.cs(12,23): warning CS8618: Non-nullable property 'Description' must contain a non-null value when exiting constructor. Consider adding the 'required' modifier or declaring the property as nullable. [c:\Users\bilal\Desktop\Scala POS\ScalaPOS.csproj]
c:\Users\bilal\Desktop\Scala POS\Models\Ticket.cs(19,23): warning CS8618: Non-nullable property 'ReportedBy' must contain a non-null value when exiting constructor. Consider adding the 'required' modifier or declaring the property as nullable. [c:\Users\bilal\Desktop\Scala POS\ScalaPOS.csproj]
c:\Users\bilal\Desktop\Scala POS\Models\Ticket.cs(20,23): warning CS8618: Non-nullable property 'ReportedById' must contain a non-null value when exiting constructor. Consider adding the 'required' modifier or declaring the property as nullable. [c:\Users\bilal\Desktop\Scala POS\ScalaPOS.csproj]
c:\Users\bilal\Desktop\Scala POS\Models\Ticket.cs(21,23): warning CS8618: Non-nullable property 'AssignedTo' must contain a non-null value when exiting constructor. Consider adding the 'required' modifier or declaring the property as nullable. [c:\Users\bilal\Desktop\Scala POS\ScalaPOS.csproj]
c:\Users\bilal\Desktop\Scala POS\Models\Ticket.cs(22,23): warning CS8618: Non-nullable property 'AssignedToId' must contain a non-null value when exiting constructor. Consider adding the 'required' modifier or declaring the property as nullable. [c:\Users\bilal\Desktop\Scala POS\ScalaPOS.csproj]
c:\Users\bilal\Desktop\Scala POS\Models\Ticket.cs(25,23): warning CS8618: Non-nullable property 'Resolution' must contain a non-null value when exiting constructor. Consider adding the 'required' modifier or declaring the property as nullable. [c:\Users\bilal\Desktop\Scala POS\ScalaPOS.csproj]
c:\Users\bilal\Desktop\Scala POS\Models\SyncLog.cs(12,23): warning CS8618: Non-nullable property 'DeviceId' must contain a non-null value when exiting constructor. Consider adding the 'required' modifier or declaring the property as nullable. [c:\Users\bilal\Desktop\Scala POS\ScalaPOS.csproj]
c:\Users\bilal\Desktop\Scala POS\Models\SyncLog.cs(13,23): warning CS8618: Non-nullable property 'DeviceName' must contain a non-null value when exiting constructor. Consider adding the 'required' modifier or declaring the property as nullable. [c:\Users\bilal\Desktop\Scala POS\ScalaPOS.csproj]
c:\Users\bilal\Desktop\Scala POS\Models\SyncLog.cs(16,23): warning CS8618: Non-nullable property 'Operation' must contain a non-null value when exiting constructor. Consider adding the 'required' modifier or declaring the property as nullable. [c:\Users\bilal\Desktop\Scala POS\ScalaPOS.csproj]
c:\Users\bilal\Desktop\Scala POS\Models\SyncLog.cs(18,23): warning CS8618: Non-nullable property 'EntityType' must contain a non-null value when exiting constructor. Consider adding the 'required' modifier or declaring the property as nullable. [c:\Users\bilal\Desktop\Scala POS\ScalaPOS.csproj]
c:\Users\bilal\Desktop\Scala POS\Models\SyncLog.cs(19,23): warning CS8618: Non-nullable property 'EntityId' must contain a non-null value when exiting constructor. Consider adding the 'required' modifier or declaring the property as nullable. [c:\Users\bilal\Desktop\Scala POS\ScalaPOS.csproj]
c:\Users\bilal\Desktop\Scala POS\Models\SyncLog.cs(20,23): warning CS8618: Non-nullable property 'Payload' must contain a non-null value when exiting constructor. Consider adding the 'required' modifier or declaring the property as nullable. [c:\Users\bilal\Desktop\Scala POS\ScalaPOS.csproj]
c:\Users\bilal\Desktop\Scala POS\Models\SyncLog.cs(22,23): warning CS8618: Non-nullable property 'ConflictNote' must contain a non-null value when exiting constructor. Consider adding the 'required' modifier or declaring the property as nullable. [c:\Users\bilal\Desktop\Scala POS\ScalaPOS.csproj]
c:\Users\bilal\Desktop\Scala POS\Models\Supplier.cs(48,30): warning CS8618: Non-nullable property 'PurchaseOrder' must contain a non-null value when exiting constructor. Consider adding the 'required' modifier or declaring the property as nullable. [c:\Users\bilal\Desktop\Scala POS\ScalaPOS.csproj]
c:\Users\bilal\Desktop\Scala POS\Models\Supplier.cs(50,23): warning CS8618: Non-nullable property 'ItemName' must contain a non-null value when exiting constructor. Consider adding the 'required' modifier or declaring the property as nullable. [c:\Users\bilal\Desktop\Scala POS\ScalaPOS.csproj]
c:\Users\bilal\Desktop\Scala POS\Models\Supplier.cs(51,23): warning CS8618: Non-nullable property 'Unit' must contain a non-null value when exiting constructor. Consider adding the 'required' modifier or declaring the property as nullable. [c:\Users\bilal\Desktop\Scala POS\ScalaPOS.csproj]
c:\Users\bilal\Desktop\Scala POS\Models\Supplier.cs(26,23): warning CS8618: Non-nullable property 'PoNumber' must contain a non-null value when exiting constructor. Consider adding the 'required' modifier or declaring the property as nullable. [c:\Users\bilal\Desktop\Scala POS\ScalaPOS.csproj]
c:\Users\bilal\Desktop\Scala POS\Models\Supplier.cs(28,25): warning CS8618: Non-nullable property 'Supplier' must contain a non-null value when exiting constructor. Consider adding the 'required' modifier or declaring the property as nullable. [c:\Users\bilal\Desktop\Scala POS\ScalaPOS.csproj]
c:\Users\bilal\Desktop\Scala POS\Models\Supplier.cs(37,23): warning CS8618: Non-nullable property 'Notes' must contain a non-null value when exiting constructor. Consider adding the 'required' modifier or declaring the property as nullable. [c:\Users\bilal\Desktop\Scala POS\ScalaPOS.csproj]
c:\Users\bilal\Desktop\Scala POS\Models\Supplier.cs(9,23): warning CS8618: Non-nullable property 'Name' must contain a non-null value when exiting constructor. Consider adding the 'required' modifier or declaring the property as nullable. [c:\Users\bilal\Desktop\Scala POS\ScalaPOS.csproj]
c:\Users\bilal\Desktop\Scala POS\Models\Supplier.cs(10,23): warning CS8618: Non-nullable property 'ContactName' must contain a non-null value when exiting constructor. Consider adding the 'required' modifier or declaring the property as nullable. [c:\Users\bilal\Desktop\Scala POS\ScalaPOS.csproj]
c:\Users\bilal\Desktop\Scala POS\Models\Supplier.cs(11,23): warning CS8618: Non-nullable property 'Email' must contain a non-null value when exiting constructor. Consider adding the 'required' modifier or declaring the property as nullable. [c:\Users\bilal\Desktop\Scala POS\ScalaPOS.csproj]
c:\Users\bilal\Desktop\Scala POS\Models\Supplier.cs(12,23): warning CS8618: Non-nullable property 'Phone' must contain a non-null value when exiting constructor. Consider adding the 'required' modifier or declaring the property as nullable. [c:\Users\bilal\Desktop\Scala POS\ScalaPOS.csproj]
c:\Users\bilal\Desktop\Scala POS\Models\Supplier.cs(13,23): warning CS8618: Non-nullable property 'Address' must contain a non-null value when exiting constructor. Consider adding the 'required' modifier or declaring the property as nullable. [c:\Users\bilal\Desktop\Scala POS\ScalaPOS.csproj]
c:\Users\bilal\Desktop\Scala POS\Models\Supplier.cs(14,23): warning CS8618: Non-nullable property 'TaxNumber' must contain a non-null value when exiting constructor. Consider adding the 'required' modifier or declaring the property as nullable. [c:\Users\bilal\Desktop\Scala POS\ScalaPOS.csproj]
c:\Users\bilal\Desktop\Scala POS\Models\Supplier.cs(15,23): warning CS8618: Non-nullable property 'PaymentTerms' must contain a non-null value when exiting constructor. Consider adding the 'required' modifier or declaring the property as nullable. [c:\Users\bilal\Desktop\Scala POS\ScalaPOS.csproj]
c:\Users\bilal\Desktop\Scala POS\Models\Supplier.cs(16,23): warning CS8618: Non-nullable property 'Notes' must contain a non-null value when exiting constructor. Consider adding the 'required' modifier or declaring the property as nullable. [c:\Users\bilal\Desktop\Scala POS\ScalaPOS.csproj]
c:\Users\bilal\Desktop\Scala POS\Models\Staff.cs(8,23): warning CS8618: Non-nullable property 'FirstName' must contain a non-null value when exiting constructor. Consider adding the 'required' modifier or declaring the property as nullable. [c:\Users\bilal\Desktop\Scala POS\ScalaPOS.csproj]
c:\Users\bilal\Desktop\Scala POS\Models\Staff.cs(9,23): warning CS8618: Non-nullable property 'LastName' must contain a non-null value when exiting constructor. Consider adding the 'required' modifier or declaring the property as nullable. [c:\Users\bilal\Desktop\Scala POS\ScalaPOS.csproj]
c:\Users\bilal\Desktop\Scala POS\Models\Staff.cs(10,23): warning CS8618: Non-nullable property 'Email' must contain a non-null value when exiting constructor. Consider adding the 'required' modifier or declaring the property as nullable. [c:\Users\bilal\Desktop\Scala POS\ScalaPOS.csproj]
c:\Users\bilal\Desktop\Scala POS\Models\Staff.cs(11,23): warning CS8618: Non-nullable property 'Phone' must contain a non-null value when exiting constructor. Consider adding the 'required' modifier or declaring the property as nullable. [c:\Users\bilal\Desktop\Scala POS\ScalaPOS.csproj]
c:\Users\bilal\Desktop\Scala POS\Models\Staff.cs(12,23): warning CS8618: Non-nullable property 'Role' must contain a non-null value when exiting constructor. Consider adding the 'required' modifier or declaring the property as nullable. [c:\Users\bilal\Desktop\Scala POS\ScalaPOS.csproj]
c:\Users\bilal\Desktop\Scala POS\Models\Staff.cs(13,23): warning CS8618: Non-nullable property 'PINCode' must contain a non-null value when exiting constructor. Consider adding the 'required' modifier or declaring the property as nullable. [c:\Users\bilal\Desktop\Scala POS\ScalaPOS.csproj]
c:\Users\bilal\Desktop\Scala POS\Models\Staff.cs(15,23): warning CS8618: Non-nullable property 'EmployeeId' must contain a non-null value when exiting constructor. Consider adding the 'required' modifier or declaring the property as nullable. [c:\Users\bilal\Desktop\Scala POS\ScalaPOS.csproj]
c:\Users\bilal\Desktop\Scala POS\Models\Staff.cs(18,23): warning CS8618: Non-nullable property 'ProfileImage' must contain a non-null value when exiting constructor. Consider adding the 'required' modifier or declaring the property as nullable. [c:\Users\bilal\Desktop\Scala POS\ScalaPOS.csproj]
c:\Users\bilal\Desktop\Scala POS\Models\RestaurantTable.cs(8,23): warning CS8618: Non-nullable property 'Name' must contain a non-null value when exiting constructor. Consider adding the 'required' modifier or declaring the property as nullable. [c:\Users\bilal\Desktop\Scala POS\ScalaPOS.csproj]
c:\Users\bilal\Desktop\Scala POS\Models\RestaurantTable.cs(10,23): warning CS8618: Non-nullable property 'Shape' must contain a non-null value when exiting constructor. Consider adding the 'required' modifier or declaring the property as nullable. [c:\Users\bilal\Desktop\Scala POS\ScalaPOS.csproj]
c:\Users\bilal\Desktop\Scala POS\Models\RestaurantTable.cs(11,23): warning CS8618: Non-nullable property 'Section' must contain a non-null value when exiting constructor. Consider adding the 'required' modifier or declaring the property as nullable. [c:\Users\bilal\Desktop\Scala POS\ScalaPOS.csproj]
c:\Users\bilal\Desktop\Scala POS\Models\RestaurantTable.cs(12,23): warning CS8618: Non-nullable property 'Status' must contain a non-null value when exiting constructor. Consider adding the 'required' modifier or declaring the property as nullable. [c:\Users\bilal\Desktop\Scala POS\ScalaPOS.csproj]
c:\Users\bilal\Desktop\Scala POS\Models\RestaurantTable.cs(17,23): warning CS8618: Non-nullable property 'Notes' must contain a non-null value when exiting constructor. Consider adding the 'required' modifier or declaring the property as nullable. [c:\Users\bilal\Desktop\Scala POS\ScalaPOS.csproj]
c:\Users\bilal\Desktop\Scala POS\Models\Project.cs(32,24): warning CS8618: Non-nullable property 'Project' must contain a non-null value when exiting constructor. Consider adding the 'required' modifier or declaring the property as nullable. [c:\Users\bilal\Desktop\Scala POS\ScalaPOS.csproj]
c:\Users\bilal\Desktop\Scala POS\Models\Project.cs(33,23): warning CS8618: Non-nullable property 'Title' must contain a non-null value when exiting constructor. Consider adding the 'required' modifier or declaring the property as nullable. [c:\Users\bilal\Desktop\Scala POS\ScalaPOS.csproj]
c:\Users\bilal\Desktop\Scala POS\Models\Project.cs(34,23): warning CS8618: Non-nullable property 'Description' must contain a non-null value when exiting constructor. Consider adding the 'required' modifier or declaring the property as nullable. [c:\Users\bilal\Desktop\Scala POS\ScalaPOS.csproj]
c:\Users\bilal\Desktop\Scala POS\Models\Project.cs(39,23): warning CS8618: Non-nullable property 'AssignedToId' must contain a non-null value when exiting constructor. Consider adding the 'required' modifier or declaring the property as nullable. [c:\Users\bilal\Desktop\Scala POS\ScalaPOS.csproj]
c:\Users\bilal\Desktop\Scala POS\Models\Project.cs(40,23): warning CS8618: Non-nullable property 'AssignedToName' must contain a non-null value when exiting constructor. Consider adding the 'required' modifier or declaring the property as nullable. [c:\Users\bilal\Desktop\Scala POS\ScalaPOS.csproj]
c:\Users\bilal\Desktop\Scala POS\Models\Project.cs(9,23): warning CS8618: Non-nullable property 'Name' must contain a non-null value when exiting constructor. Consider adding the 'required' modifier or declaring the property as nullable. [c:\Users\bilal\Desktop\Scala POS\ScalaPOS.csproj]
c:\Users\bilal\Desktop\Scala POS\Models\Project.cs(10,23): warning CS8618: Non-nullable property 'Description' must contain a non-null value when exiting constructor. Consider adding the 'required' modifier or declaring the property as nullable. [c:\Users\bilal\Desktop\Scala POS\ScalaPOS.csproj]
c:\Users\bilal\Desktop\Scala POS\Models\Project.cs(15,23): warning CS8618: Non-nullable property 'ClientName' must contain a non-null value when exiting constructor. Consider adding the 'required' modifier or declaring the property as nullable. [c:\Users\bilal\Desktop\Scala POS\ScalaPOS.csproj]
c:\Users\bilal\Desktop\Scala POS\Models\Project.cs(16,23): warning CS8618: Non-nullable property 'ManagerId' must contain a non-null value when exiting constructor. Consider adding the 'required' modifier or declaring the property as nullable. [c:\Users\bilal\Desktop\Scala POS\ScalaPOS.csproj]
c:\Users\bilal\Desktop\Scala POS\Models\Project.cs(17,23): warning CS8618: Non-nullable property 'ManagerName' must contain a non-null value when exiting constructor. Consider adding the 'required' modifier or declaring the property as nullable. [c:\Users\bilal\Desktop\Scala POS\ScalaPOS.csproj]
c:\Users\bilal\Desktop\Scala POS\Models\JournalEntry.cs(26,23): warning CS8618: Non-nullable property 'Description' must contain a non-null value when exiting constructor. Consider adding the 'required' modifier or declaring the property as nullable. [c:\Users\bilal\Desktop\Scala POS\ScalaPOS.csproj]
c:\Users\bilal\Desktop\Scala POS\Models\JournalEntry.cs(30,29): warning CS8618: Non-nullable property 'JournalEntry' must contain a non-null value when exiting constructor. Consider adding the 'required' modifier or declaring the property as nullable. [c:\Users\bilal\Desktop\Scala POS\ScalaPOS.csproj]
c:\Users\bilal\Desktop\Scala POS\Models\JournalEntry.cs(31,24): warning CS8618: Non-nullable property 'Account' must contain a non-null value when exiting constructor. Consider adding the 'required' modifier or declaring the property as nullable. [c:\Users\bilal\Desktop\Scala POS\ScalaPOS.csproj]
c:\Users\bilal\Desktop\Scala POS\Models\JournalEntry.cs(10,23): warning CS8618: Non-nullable property 'Reference' must contain a non-null value when exiting constructor. Consider adding the 'required' modifier or declaring the property as nullable. [c:\Users\bilal\Desktop\Scala POS\ScalaPOS.csproj]
c:\Users\bilal\Desktop\Scala POS\Models\JournalEntry.cs(11,23): warning CS8618: Non-nullable property 'Description' must contain a non-null value when exiting constructor. Consider adding the 'required' modifier or declaring the property as nullable. [c:\Users\bilal\Desktop\Scala POS\ScalaPOS.csproj]
c:\Users\bilal\Desktop\Scala POS\Models\InventoryItem.cs(9,23): warning CS8618: Non-nullable property 'SKU' must contain a non-null value when exiting constructor. Consider adding the 'required' modifier or declaring the property as nullable. [c:\Users\bilal\Desktop\Scala POS\ScalaPOS.csproj]
c:\Users\bilal\Desktop\Scala POS\Models\InventoryItem.cs(14,23): warning CS8618: Non-nullable property 'Unit' must contain a non-null value when exiting constructor. Consider adding the 'required' modifier or declaring the property as nullable. [c:\Users\bilal\Desktop\Scala POS\ScalaPOS.csproj]
c:\Users\bilal\Desktop\Scala POS\Models\InventoryItem.cs(15,23): warning CS8618: Non-nullable property 'Location' must contain a non-null value when exiting constructor. Consider adding the 'required' modifier or declaring the property as nullable. [c:\Users\bilal\Desktop\Scala POS\ScalaPOS.csproj]
c:\Users\bilal\Desktop\Scala POS\Models\InventoryItem.cs(17,23): warning CS8618: Non-nullable property 'BatchNumber' must contain a non-null value when exiting constructor. Consider adding the 'required' modifier or declaring the property as nullable. [c:\Users\bilal\Desktop\Scala POS\ScalaPOS.csproj]
c:\Users\bilal\Desktop\Scala POS\Models\InventoryItem.cs(23,24): warning CS8618: Non-nullable property 'Product' must contain a non-null value when exiting constructor. Consider adding the 'required' modifier or declaring the property as nullable. [c:\Users\bilal\Desktop\Scala POS\ScalaPOS.csproj]
c:\Users\bilal\Desktop\Scala POS\Endpoints\AIEndpoints.cs(83,23): warning CS8618: Non-nullable property 'TicketTitle' must contain a non-null value when exiting constructor. Consider adding the 'required' modifier or declaring the property as nullable. [c:\Users\bilal\Desktop\Scala POS\ScalaPOS.csproj]
c:\Users\bilal\Desktop\Scala POS\Endpoints\AIEndpoints.cs(84,23): warning CS8618: Non-nullable property 'TicketDescription' must contain a non-null value when exiting constructor. Consider adding the 'required' modifier or declaring the property as nullable. [c:\Users\bilal\Desktop\Scala POS\ScalaPOS.csproj]
c:\Users\bilal\Desktop\Scala POS\Endpoints\AIEndpoints.cs(85,23): warning CS8618: Non-nullable property 'CustomerName' must contain a non-null value when exiting constructor. Consider adding the 'required' modifier or declaring the property as nullable. [c:\Users\bilal\Desktop\Scala POS\ScalaPOS.csproj]
c:\Users\bilal\Desktop\Scala POS\Endpoints\AIEndpoints.cs(90,23): warning CS8618: Non-nullable property 'Question' must contain a non-null value when exiting constructor. Consider adding the 'required' modifier or declaring the property as nullable. [c:\Users\bilal\Desktop\Scala POS\ScalaPOS.csproj]
c:\Users\bilal\Desktop\Scala POS\Models\Document.cs(8,23): warning CS8618: Non-nullable property 'FileName' must contain a non-null value when exiting constructor. Consider adding the 'required' modifier or declaring the property as nullable. [c:\Users\bilal\Desktop\Scala POS\ScalaPOS.csproj]
c:\Users\bilal\Desktop\Scala POS\Models\Document.cs(9,23): warning CS8618: Non-nullable property 'StoredName' must contain a non-null value when exiting constructor. Consider adding the 'required' modifier or declaring the property as nullable. [c:\Users\bilal\Desktop\Scala POS\ScalaPOS.csproj]
c:\Users\bilal\Desktop\Scala POS\Models\Document.cs(10,23): warning CS8618: Non-nullable property 'ContentType' must contain a non-null value when exiting constructor. Consider adding the 'required' modifier or declaring the property as nullable. [c:\Users\bilal\Desktop\Scala POS\ScalaPOS.csproj]
c:\Users\bilal\Desktop\Scala POS\Models\Document.cs(14,23): warning CS8618: Non-nullable property 'Description' must contain a non-null value when exiting constructor. Consider adding the 'required' modifier or declaring the property as nullable. [c:\Users\bilal\Desktop\Scala POS\ScalaPOS.csproj]
c:\Users\bilal\Desktop\Scala POS\Models\Document.cs(15,23): warning CS8618: Non-nullable property 'Tags' must contain a non-null value when exiting constructor. Consider adding the 'required' modifier or declaring the property as nullable. [c:\Users\bilal\Desktop\Scala POS\ScalaPOS.csproj]
c:\Users\bilal\Desktop\Scala POS\Models\Document.cs(16,23): warning CS8618: Non-nullable property 'UploadedById' must contain a non-null value when exiting constructor. Consider adding the 'required' modifier or declaring the property as nullable. [c:\Users\bilal\Desktop\Scala POS\ScalaPOS.csproj]
c:\Users\bilal\Desktop\Scala POS\Models\Document.cs(17,23): warning CS8618: Non-nullable property 'UploadedByName' must contain a non-null value when exiting constructor. Consider adding the 'required' modifier or declaring the property as nullable. [c:\Users\bilal\Desktop\Scala POS\ScalaPOS.csproj]
c:\Users\bilal\Desktop\Scala POS\Models\Customer.cs(9,23): warning CS8618: Non-nullable property 'FirstName' must contain a non-null value when exiting constructor. Consider adding the 'required' modifier or declaring the property as nullable. [c:\Users\bilal\Desktop\Scala POS\ScalaPOS.csproj]
c:\Users\bilal\Desktop\Scala POS\Models\Customer.cs(10,23): warning CS8618: Non-nullable property 'LastName' must contain a non-null value when exiting constructor. Consider adding the 'required' modifier or declaring the property as nullable. [c:\Users\bilal\Desktop\Scala POS\ScalaPOS.csproj]
c:\Users\bilal\Desktop\Scala POS\Models\Customer.cs(11,23): warning CS8618: Non-nullable property 'Email' must contain a non-null value when exiting constructor. Consider adding the 'required' modifier or declaring the property as nullable. [c:\Users\bilal\Desktop\Scala POS\ScalaPOS.csproj]
c:\Users\bilal\Desktop\Scala POS\Models\Customer.cs(12,23): warning CS8618: Non-nullable property 'Phone' must contain a non-null value when exiting constructor. Consider adding the 'required' modifier or declaring the property as nullable. [c:\Users\bilal\Desktop\Scala POS\ScalaPOS.csproj]
c:\Users\bilal\Desktop\Scala POS\Models\Customer.cs(13,23): warning CS8618: Non-nullable property 'Address' must contain a non-null value when exiting constructor. Consider adding the 'required' modifier or declaring the property as nullable. [c:\Users\bilal\Desktop\Scala POS\ScalaPOS.csproj]
c:\Users\bilal\Desktop\Scala POS\Models\Customer.cs(16,23): warning CS8618: Non-nullable property 'MembershipTier' must contain a non-null value when exiting constructor. Consider adding the 'required' modifier or declaring the property as nullable. [c:\Users\bilal\Desktop\Scala POS\ScalaPOS.csproj]
c:\Users\bilal\Desktop\Scala POS\Models\Customer.cs(26,35): warning CS8618: Non-nullable property 'Orders' must contain a non-null value when exiting constructor. Consider adding the 'required' modifier or declaring the property as nullable. [c:\Users\bilal\Desktop\Scala POS\ScalaPOS.csproj]
c:\Users\bilal\Desktop\Scala POS\Models\Category.cs(9,23): warning CS8618: Non-nullable property 'Name' must contain a non-null value when exiting constructor. Consider adding the 'required' modifier or declaring the property as nullable. [c:\Users\bilal\Desktop\Scala POS\ScalaPOS.csproj]
c:\Users\bilal\Desktop\Scala POS\Models\Category.cs(10,23): warning CS8618: Non-nullable property 'Description' must contain a non-null value when exiting constructor. Consider adding the 'required' modifier or declaring the property as nullable. [c:\Users\bilal\Desktop\Scala POS\ScalaPOS.csproj]
c:\Users\bilal\Desktop\Scala POS\Models\Category.cs(11,23): warning CS8618: Non-nullable property 'Icon' must contain a non-null value when exiting constructor. Consider adding the 'required' modifier or declaring the property as nullable. [c:\Users\bilal\Desktop\Scala POS\ScalaPOS.csproj]
c:\Users\bilal\Desktop\Scala POS\Models\Category.cs(12,23): warning CS8618: Non-nullable property 'Color' must contain a non-null value when exiting constructor. Consider adding the 'required' modifier or declaring the property as nullable. [c:\Users\bilal\Desktop\Scala POS\ScalaPOS.csproj]
c:\Users\bilal\Desktop\Scala POS\Models\Category.cs(20,37): warning CS8618: Non-nullable property 'Products' must contain a non-null value when exiting constructor. Consider adding the 'required' modifier or declaring the property as nullable. [c:\Users\bilal\Desktop\Scala POS\ScalaPOS.csproj]
c:\Users\bilal\Desktop\Scala POS\Models\AuditLog.cs(10,23): warning CS8618: Non-nullable property 'UserId' must contain a non-null value when exiting constructor. Consider adding the 'required' modifier or declaring the property as nullable. [c:\Users\bilal\Desktop\Scala POS\ScalaPOS.csproj]
c:\Users\bilal\Desktop\Scala POS\Models\AuditLog.cs(11,23): warning CS8618: Non-nullable property 'UserName' must contain a non-null value when exiting constructor. Consider adding the 'required' modifier or declaring the property as nullable. [c:\Users\bilal\Desktop\Scala POS\ScalaPOS.csproj]
c:\Users\bilal\Desktop\Scala POS\Models\AuditLog.cs(12,23): warning CS8618: Non-nullable property 'Action' must contain a non-null value when exiting constructor. Consider adding the 'required' modifier or declaring the property as nullable. [c:\Users\bilal\Desktop\Scala POS\ScalaPOS.csproj]
c:\Users\bilal\Desktop\Scala POS\Models\AuditLog.cs(13,23): warning CS8618: Non-nullable property 'EntityType' must contain a non-null value when exiting constructor. Consider adding the 'required' modifier or declaring the property as nullable. [c:\Users\bilal\Desktop\Scala POS\ScalaPOS.csproj]
c:\Users\bilal\Desktop\Scala POS\Models\AuditLog.cs(14,23): warning CS8618: Non-nullable property 'EntityId' must contain a non-null value when exiting constructor. Consider adding the 'required' modifier or declaring the property as nullable. [c:\Users\bilal\Desktop\Scala POS\ScalaPOS.csproj]
c:\Users\bilal\Desktop\Scala POS\Models\AuditLog.cs(15,23): warning CS8618: Non-nullable property 'Description' must contain a non-null value when exiting constructor. Consider adding the 'required' modifier or declaring the property as nullable. [c:\Users\bilal\Desktop\Scala POS\ScalaPOS.csproj]
c:\Users\bilal\Desktop\Scala POS\Models\AuditLog.cs(16,23): warning CS8618: Non-nullable property 'IPAddress' must contain a non-null value when exiting constructor. Consider adding the 'required' modifier or declaring the property as nullable. [c:\Users\bilal\Desktop\Scala POS\ScalaPOS.csproj]
c:\Users\bilal\Desktop\Scala POS\Models\AuditLog.cs(17,23): warning CS8618: Non-nullable property 'OldValue' must contain a non-null value when exiting constructor. Consider adding the 'required' modifier or declaring the property as nullable. [c:\Users\bilal\Desktop\Scala POS\ScalaPOS.csproj]
c:\Users\bilal\Desktop\Scala POS\Models\AuditLog.cs(18,23): warning CS8618: Non-nullable property 'NewValue' must contain a non-null value when exiting constructor. Consider adding the 'required' modifier or declaring the property as nullable. [c:\Users\bilal\Desktop\Scala POS\ScalaPOS.csproj]
c:\Users\bilal\Desktop\Scala POS\Models\AuditLog.cs(19,23): warning CS8618: Non-nullable property 'Result' must contain a non-null value when exiting constructor. Consider adding the 'required' modifier or declaring the property as nullable. [c:\Users\bilal\Desktop\Scala POS\ScalaPOS.csproj]
c:\Users\bilal\Desktop\Scala POS\Models\AuditLog.cs(20,23): warning CS8618: Non-nullable property 'Category' must contain a non-null value when exiting constructor. Consider adding the 'required' modifier or declaring the property as nullable. [c:\Users\bilal\Desktop\Scala POS\ScalaPOS.csproj]
c:\Users\bilal\Desktop\Scala POS\Models\Appointment.cs(8,23): warning CS8618: Non-nullable property 'Title' must contain a non-null value when exiting constructor. Consider adding the 'required' modifier or declaring the property as nullable. [c:\Users\bilal\Desktop\Scala POS\ScalaPOS.csproj]
c:\Users\bilal\Desktop\Scala POS\Models\Appointment.cs(9,23): warning CS8618: Non-nullable property 'CustomerName' must contain a non-null value when exiting constructor. Consider adding the 'required' modifier or declaring the property as nullable. [c:\Users\bilal\Desktop\Scala POS\ScalaPOS.csproj]
c:\Users\bilal\Desktop\Scala POS\Models\Appointment.cs(10,23): warning CS8618: Non-nullable property 'CustomerPhone' must contain a non-null value when exiting constructor. Consider adding the 'required' modifier or declaring the property as nullable. [c:\Users\bilal\Desktop\Scala POS\ScalaPOS.csproj]
c:\Users\bilal\Desktop\Scala POS\Models\Appointment.cs(11,23): warning CS8618: Non-nullable property 'CustomerEmail' must contain a non-null value when exiting constructor. Consider adding the 'required' modifier or declaring the property as nullable. [c:\Users\bilal\Desktop\Scala POS\ScalaPOS.csproj]
c:\Users\bilal\Desktop\Scala POS\Models\Appointment.cs(18,23): warning CS8618: Non-nullable property 'Notes' must contain a non-null value when exiting constructor. Consider adding the 'required' modifier or declaring the property as nullable. [c:\Users\bilal\Desktop\Scala POS\ScalaPOS.csproj]
c:\Users\bilal\Desktop\Scala POS\Models\Appointment.cs(25,32): warning CS8618: Non-nullable property 'Table' must contain a non-null value when exiting constructor. Consider adding the 'required' modifier or declaring the property as nullable. [c:\Users\bilal\Desktop\Scala POS\ScalaPOS.csproj]
c:\Users\bilal\Desktop\Scala POS\Models\Account.cs(9,23): warning CS8618: Non-nullable property 'Code' must contain a non-null value when exiting constructor. Consider adding the 'required' modifier or declaring the property as nullable. [c:\Users\bilal\Desktop\Scala POS\ScalaPOS.csproj]
c:\Users\bilal\Desktop\Scala POS\Models\Account.cs(10,23): warning CS8618: Non-nullable property 'Name' must contain a non-null value when exiting constructor. Consider adding the 'required' modifier or declaring the property as nullable. [c:\Users\bilal\Desktop\Scala POS\ScalaPOS.csproj]
c:\Users\bilal\Desktop\Scala POS\Models\Account.cs(11,23): warning CS8618: Non-nullable property 'AccountType' must contain a non-null value when exiting constructor. Consider adding the 'required' modifier or declaring the property as nullable. [c:\Users\bilal\Desktop\Scala POS\ScalaPOS.csproj]
c:\Users\bilal\Desktop\Scala POS\Models\Account.cs(12,23): warning CS8618: Non-nullable property 'SubType' must contain a non-null value when exiting constructor. Consider adding the 'required' modifier or declaring the property as nullable. [c:\Users\bilal\Desktop\Scala POS\ScalaPOS.csproj]
c:\Users\bilal\Desktop\Scala POS\Endpoints\AppointmentEndpoints.cs(55,37): warning CS8601: Possible null reference assignment. [c:\Users\bilal\Desktop\Scala POS\ScalaPOS.csproj]
c:\Users\bilal\Desktop\Scala POS\Endpoints\AppointmentEndpoints.cs(56,37): warning CS8601: Possible null reference assignment. [c:\Users\bilal\Desktop\Scala POS\ScalaPOS.csproj]
c:\Users\bilal\Desktop\Scala POS\Endpoints\AppointmentEndpoints.cs(63,29): warning CS8601: Possible null reference assignment. [c:\Users\bilal\Desktop\Scala POS\ScalaPOS.csproj]
c:\Users\bilal\Desktop\Scala POS\Endpoints\AppointmentEndpoints.cs(100,38): warning CS8601: Possible null reference assignment. [c:\Users\bilal\Desktop\Scala POS\ScalaPOS.csproj]
c:\Users\bilal\Desktop\Scala POS\Endpoints\AppointmentEndpoints.cs(101,38): warning CS8601: Possible null reference assignment. [c:\Users\bilal\Desktop\Scala POS\ScalaPOS.csproj]
c:\Users\bilal\Desktop\Scala POS\Endpoints\AppointmentEndpoints.cs(107,30): warning CS8601: Possible null reference assignment. [c:\Users\bilal\Desktop\Scala POS\ScalaPOS.csproj]
c:\Users\bilal\Desktop\Scala POS\Endpoints\WhatsAppEndpoints.cs(65,56): warning CS8601: Possible null reference assignment. [c:\Users\bilal\Desktop\Scala POS\ScalaPOS.csproj]
c:\Users\bilal\Desktop\Scala POS\Endpoints\WhatsAppEndpoints.cs(91,92): warning CS8604: Possible null reference argument for parameter 's' in 'long long.Parse(string s)'. [c:\Users\bilal\Desktop\Scala POS\ScalaPOS.csproj]
c:\Users\bilal\Desktop\Scala POS\Endpoints\WhatsAppEndpoints.cs(94,51): warning CS8600: Converting null literal or possible null value to non-nullable type. [c:\Users\bilal\Desktop\Scala POS\ScalaPOS.csproj]
c:\Users\bilal\Desktop\Scala POS\Endpoints\WhatsAppEndpoints.cs(98,48): warning CS8600: Converting null literal or possible null value to non-nullable type. [c:\Users\bilal\Desktop\Scala POS\ScalaPOS.csproj]
c:\Users\bilal\Desktop\Scala POS\Endpoints\WhatsAppEndpoints.cs(112,57): warning CS8601: Possible null reference assignment. [c:\Users\bilal\Desktop\Scala POS\ScalaPOS.csproj]
c:\Users\bilal\Desktop\Scala POS\Endpoints\WhatsAppEndpoints.cs(113,57): warning CS8601: Possible null reference assignment. [c:\Users\bilal\Desktop\Scala POS\ScalaPOS.csproj]
c:\Users\bilal\Desktop\Scala POS\Endpoints\WhatsAppEndpoints.cs(116,48): warning CS8601: Possible null reference assignment. [c:\Users\bilal\Desktop\Scala POS\ScalaPOS.csproj]
c:\Users\bilal\Desktop\Scala POS\Endpoints\WhatsAppEndpoints.cs(146,45): warning CS8602: Dereference of a possibly null reference. [c:\Users\bilal\Desktop\Scala POS\ScalaPOS.csproj]
c:\Users\bilal\Desktop\Scala POS\Features\PurchaseOrders\Queries\GetPurchaseOrders.cs(60,20): warning CS8603: Possible null reference return. [c:\Users\bilal\Desktop\Scala POS\ScalaPOS.csproj]
c:\Users\bilal\Desktop\Scala POS\Endpoints\SupplyChainEndpoints.cs(33,52): warning CS8601: Possible null reference assignment. [c:\Users\bilal\Desktop\Scala POS\ScalaPOS.csproj]
c:\Users\bilal\Desktop\Scala POS\Endpoints\SupplyChainEndpoints.cs(33,77): warning CS8601: Possible null reference assignment. [c:\Users\bilal\Desktop\Scala POS\ScalaPOS.csproj]
c:\Users\bilal\Desktop\Scala POS\Endpoints\SupplyChainEndpoints.cs(34,29): warning CS8601: Possible null reference assignment. [c:\Users\bilal\Desktop\Scala POS\ScalaPOS.csproj]
c:\Users\bilal\Desktop\Scala POS\Endpoints\SupplyChainEndpoints.cs(34,50): warning CS8601: Possible null reference assignment. [c:\Users\bilal\Desktop\Scala POS\ScalaPOS.csproj]
c:\Users\bilal\Desktop\Scala POS\Endpoints\SupplyChainEndpoints.cs(34,75): warning CS8601: Possible null reference assignment. [c:\Users\bilal\Desktop\Scala POS\ScalaPOS.csproj]
c:\Users\bilal\Desktop\Scala POS\Endpoints\SupplyChainEndpoints.cs(35,36): warning CS8601: Possible null reference assignment. [c:\Users\bilal\Desktop\Scala POS\ScalaPOS.csproj]
c:\Users\bilal\Desktop\Scala POS\Endpoints\SupplyChainEndpoints.cs(35,62): warning CS8601: Possible null reference assignment. [c:\Users\bilal\Desktop\Scala POS\ScalaPOS.csproj]
c:\Users\bilal\Desktop\Scala POS\Endpoints\SupplyChainEndpoints.cs(46,52): warning CS8601: Possible null reference assignment. [c:\Users\bilal\Desktop\Scala POS\ScalaPOS.csproj]
c:\Users\bilal\Desktop\Scala POS\Endpoints\SupplyChainEndpoints.cs(46,79): warning CS8601: Possible null reference assignment. [c:\Users\bilal\Desktop\Scala POS\ScalaPOS.csproj]
c:\Users\bilal\Desktop\Scala POS\Endpoints\SupplyChainEndpoints.cs(47,27): warning CS8601: Possible null reference assignment. [c:\Users\bilal\Desktop\Scala POS\ScalaPOS.csproj]
c:\Users\bilal\Desktop\Scala POS\Endpoints\SupplyChainEndpoints.cs(47,50): warning CS8601: Possible null reference assignment. [c:\Users\bilal\Desktop\Scala POS\ScalaPOS.csproj]
c:\Users\bilal\Desktop\Scala POS\Endpoints\SupplyChainEndpoints.cs(47,77): warning CS8601: Possible null reference assignment. [c:\Users\bilal\Desktop\Scala POS\ScalaPOS.csproj]
c:\Users\bilal\Desktop\Scala POS\Endpoints\SupplyChainEndpoints.cs(48,34): warning CS8601: Possible null reference assignment. [c:\Users\bilal\Desktop\Scala POS\ScalaPOS.csproj]
c:\Users\bilal\Desktop\Scala POS\Endpoints\SupplyChainEndpoints.cs(48,62): warning CS8601: Possible null reference assignment. [c:\Users\bilal\Desktop\Scala POS\ScalaPOS.csproj]
c:\Users\bilal\Desktop\Scala POS\Features\Accounting\Commands\CreateJournalEntry.cs(16,23): warning CS8618: Non-nullable property 'AccountCode' must contain a non-null value when exiting constructor. Consider adding the 'required' modifier or declaring the property as nullable. [c:\Users\bilal\Desktop\Scala POS\ScalaPOS.csproj]
c:\Users\bilal\Desktop\Scala POS\Features\Accounting\Commands\CreateJournalEntry.cs(17,23): warning CS8618: Non-nullable property 'Description' must contain a non-null value when exiting constructor. Consider adding the 'required' modifier or declaring the property as nullable. [c:\Users\bilal\Desktop\Scala POS\ScalaPOS.csproj]
c:\Users\bilal\Desktop\Scala POS\Endpoints\DocumentEndpoints.cs(60,35): warning CS8601: Possible null reference assignment. [c:\Users\bilal\Desktop\Scala POS\ScalaPOS.csproj]
c:\Users\bilal\Desktop\Scala POS\Endpoints\DocumentEndpoints.cs(61,28): warning CS8601: Possible null reference assignment. [c:\Users\bilal\Desktop\Scala POS\ScalaPOS.csproj]
c:\Users\bilal\Desktop\Scala POS\Endpoints\DocumentEndpoints.cs(62,38): warning CS8601: Possible null reference assignment. [c:\Users\bilal\Desktop\Scala POS\ScalaPOS.csproj]
c:\Users\bilal\Desktop\Scala POS\Endpoints\DocumentEndpoints.cs(63,36): warning CS8601: Possible null reference assignment. [c:\Users\bilal\Desktop\Scala POS\ScalaPOS.csproj]
c:\Users\bilal\Desktop\Scala POS\Endpoints\ProjectEndpoints.cs(35,52): warning CS8601: Possible null reference assignment. [c:\Users\bilal\Desktop\Scala POS\ScalaPOS.csproj]
c:\Users\bilal\Desktop\Scala POS\Endpoints\ProjectEndpoints.cs(36,71): warning CS8601: Possible null reference assignment. [c:\Users\bilal\Desktop\Scala POS\ScalaPOS.csproj]
c:\Users\bilal\Desktop\Scala POS\Endpoints\ProjectEndpoints.cs(37,35): warning CS8601: Possible null reference assignment. [c:\Users\bilal\Desktop\Scala POS\ScalaPOS.csproj]
c:\Users\bilal\Desktop\Scala POS\Endpoints\ProjectEndpoints.cs(73,77): warning CS8601: Possible null reference assignment. [c:\Users\bilal\Desktop\Scala POS\ScalaPOS.csproj]
c:\Users\bilal\Desktop\Scala POS\Endpoints\ProjectEndpoints.cs(74,75): warning CS8601: Possible null reference assignment. [c:\Users\bilal\Desktop\Scala POS\ScalaPOS.csproj]
c:\Users\bilal\Desktop\Scala POS\Endpoints\KitchenEndpoints.cs(25,39): warning CS8602: Dereference of a possibly null reference. [c:\Users\bilal\Desktop\Scala POS\ScalaPOS.csproj]
c:\Users\bilal\Desktop\Scala POS\Endpoints\KitchenEndpoints.cs(42,39): warning CS8602: Dereference of a possibly null reference. [c:\Users\bilal\Desktop\Scala POS\ScalaPOS.csproj]
c:\Users\bilal\Desktop\Scala POS\Endpoints\HelpdeskEndpoints.cs(47,35): warning CS8601: Possible null reference assignment. [c:\Users\bilal\Desktop\Scala POS\ScalaPOS.csproj]
c:\Users\bilal\Desktop\Scala POS\Endpoints\HelpdeskEndpoints.cs(50,34): warning CS8601: Possible null reference assignment. [c:\Users\bilal\Desktop\Scala POS\ScalaPOS.csproj]
c:\Users\bilal\Desktop\Scala POS\Endpoints\HelpdeskEndpoints.cs(51,36): warning CS8601: Possible null reference assignment. [c:\Users\bilal\Desktop\Scala POS\ScalaPOS.csproj]
c:\Users\bilal\Desktop\Scala POS\Endpoints\HelpdeskEndpoints.cs(52,34): warning CS8601: Possible null reference assignment. [c:\Users\bilal\Desktop\Scala POS\ScalaPOS.csproj]
c:\Users\bilal\Desktop\Scala POS\Endpoints\HelpdeskEndpoints.cs(53,36): warning CS8601: Possible null reference assignment. [c:\Users\bilal\Desktop\Scala POS\ScalaPOS.csproj]
c:\Users\bilal\Desktop\Scala POS\Endpoints\HelpdeskEndpoints.cs(75,41): warning CS8601: Possible null reference assignment. [c:\Users\bilal\Desktop\Scala POS\ScalaPOS.csproj]
c:\Users\bilal\Desktop\Scala POS\Endpoints\HelpdeskEndpoints.cs(80,43): warning CS8601: Possible null reference assignment. [c:\Users\bilal\Desktop\Scala POS\ScalaPOS.csproj]
c:\Users\bilal\Desktop\Scala POS\Endpoints\HelpdeskEndpoints.cs(96,34): warning CS8601: Possible null reference assignment. [c:\Users\bilal\Desktop\Scala POS\ScalaPOS.csproj]
c:\Users\bilal\Desktop\Scala POS\Endpoints\HelpdeskEndpoints.cs(97,32): warning CS8601: Possible null reference assignment. [c:\Users\bilal\Desktop\Scala POS\ScalaPOS.csproj]
c:\Users\bilal\Desktop\Scala POS\Features\Orders\Commands\CreateOrder.cs(130,35): warning CS8602: Dereference of a possibly null reference. [c:\Users\bilal\Desktop\Scala POS\ScalaPOS.csproj]
c:\Users\bilal\Desktop\Scala POS\Program.cs(83,5): error CS1061: 'WebApplication' does not contain a definition for 'MapWaitlistEndpoints' and no accessible extension method 'MapWaitlistEndpoints' accepting a first argument of type 'WebApplication' could be found (are you missing a using directive or an assembly reference?) [c:\Users\bilal\Desktop\Scala POS\ScalaPOS.csproj]
    189 Warning(s)
    1 Error(s)

Time Elapsed 00:00:02.64
